Loading hybrid parameters from /home/dsvedberg/Documents/CodeVault/cbtModels/cbt_loop_noSCnoSTN/params_hybrid_scratch.pkl...
Dual cue→cortex weights B_cue_c ready (col 0 = timing, col 1 = Pavlovian/go).
Mixed batch: 100 STMT + 10 Pavlovian trials -> inputs (110, 1000, 2)
step 200, loss: 2.482124, reward: 0.1758, log_reward: -2.2331, success: 0.1758, entropy: 0.0561, brevity: 0.2296, norm_resp_time: 0.459, silence: 0.0005, tail: 0.0195, asym: 0.0000, rest_pka: 0.0000, pathway_floor: 0.0000, c_snc_floor: 0.0000, gpe_floor: 0.0000, dead_area: 0.0000, dead_proj: 0.0000
step 400, loss: 2.423357, reward: 0.1718, log_reward: -2.1764, success: 0.1718, entropy: 0.0618, brevity: 0.2251, norm_resp_time: 0.450, silence: 0.0006, tail: 0.0219, asym: 0.0000, rest_pka: 0.0000, pathway_floor: 0.0000, c_snc_floor: 0.0000, gpe_floor: 0.0000, dead_area: 0.0000, dead_proj: 0.0000
step 600, loss: 2.390206, reward: 0.1667, log_reward: -2.1424, success: 0.1667, entropy: 0.0525, brevity: 0.2304, norm_resp_time: 0.461, silence: 0.0006, tail: 0.0173, asym: 0.0000, rest_pka: 0.0000, pathway_floor: 0.0000, c_snc_floor: 0.0000, gpe_floor: 0.0000, dead_area: 0.0000, dead_proj: 0.0000
step 800, loss: 2.312457, reward: 0.1630, log_reward: -2.0663, success: 0.1630, entropy: 0.0508, brevity: 0.2300, norm_resp_time: 0.460, silence: 0.0006, tail: 0.0160, asym: 0.0000, rest_pka: 0.0000, pathway_floor: 0.0000, c_snc_floor: 0.0000, gpe_floor: 0.0000, dead_area: 0.0000, dead_proj: 0.0000
step 1000, loss: 2.073948, reward: 0.1812, log_reward: -1.8314, success: 0.1812, entropy: 0.0412, brevity: 0.2317, norm_resp_time: 0.463, silence: 0.0007, tail: 0.0106, asym: 0.0000, rest_pka: 0.0000, pathway_floor: 0.0000, c_snc_floor: 0.0000, gpe_floor: 0.0000, dead_area: 0.0000, dead_proj: 0.0000
step 1200, loss: 2.020114, reward: 0.1905, log_reward: -1.7770, success: 0.1905, entropy: 0.0411, brevity: 0.2322, norm_resp_time: 0.464, silence: 0.0007, tail: 0.0106, asym: 0.0000, rest_pka: 0.0000, pathway_floor: 0.0000, c_snc_floor: 0.0000, gpe_floor: 0.0000, dead_area: 0.0000, dead_proj: 0.0000
step 1400, loss: 1.990659, reward: 0.1955, log_reward: -1.7448, success: 0.1955, entropy: 0.0406, brevity: 0.2350, norm_resp_time: 0.470, silence: 0.0007, tail: 0.0106, asym: 0.0000, rest_pka: 0.0000, pathway_floor: 0.0000, c_snc_floor: 0.0000, gpe_floor: 0.0000, dead_area: 0.0000, dead_proj: 0.0000
step 1600, loss: 1.957128, reward: 0.2017, log_reward: -1.7130, success: 0.2017, entropy: 0.0424, brevity: 0.2326, norm_resp_time: 0.465, silence: 0.0007, tail: 0.0113, asym: 0.0000, rest_pka: 0.0000, pathway_floor: 0.0000, c_snc_floor: 0.0000, gpe_floor: 0.0000, dead_area: 0.0000, dead_proj: 0.0000
step 1800, loss: 1.945526, reward: 0.2046, log_reward: -1.7000, success: 0.2046, entropy: 0.0425, brevity: 0.2339, norm_resp_time: 0.468, silence: 0.0006, tail: 0.0114, asym: 0.0000, rest_pka: 0.0000, pathway_floor: 0.0000, c_snc_floor: 0.0000, gpe_floor: 0.0000, dead_area: 0.0000, dead_proj: 0.0000
step 2000, loss: 1.920208, reward: 0.2094, log_reward: -1.6719, success: 0.2094, entropy: 0.0423, brevity: 0.2366, norm_resp_time: 0.473, silence: 0.0006, tail: 0.0115, asym: 0.0000, rest_pka: 0.0000, pathway_floor: 0.0000, c_snc_floor: 0.0000, gpe_floor: 0.0000, dead_area: 0.0000, dead_proj: 0.0000
step 2200, loss: 1.921041, reward: 0.2097, log_reward: -1.6753, success: 0.2097, entropy: 0.0437, brevity: 0.2335, norm_resp_time: 0.467, silence: 0.0006, tail: 0.0120, asym: 0.0000, rest_pka: 0.0000, pathway_floor: 0.0000, c_snc_floor: 0.0000, gpe_floor: 0.0000, dead_area: 0.0000, dead_proj: 0.0000
step 2400, loss: 1.893624, reward: 0.2143, log_reward: -1.6476, success: 0.2143, entropy: 0.0439, brevity: 0.2337, norm_resp_time: 0.467, silence: 0.0006, tail: 0.0122, asym: 0.0000, rest_pka: 0.0000, pathway_floor: 0.0000, c_snc_floor: 0.0000, gpe_floor: 0.0000, dead_area: 0.0000, dead_proj: 0.0000
step 2600, loss: 1.878177, reward: 0.2175, log_reward: -1.6333, success: 0.2175, entropy: 0.0445, brevity: 0.2322, norm_resp_time: 0.464, silence: 0.0006, tail: 0.0125, asym: 0.0000, rest_pka: 0.0000, pathway_floor: 0.0000, c_snc_floor: 0.0000, gpe_floor: 0.0000, dead_area: 0.0000, dead_proj: 0.0000
step 2800, loss: 1.869629, reward: 0.2200, log_reward: -1.6224, success: 0.2200, entropy: 0.0444, brevity: 0.2345, norm_resp_time: 0.469, silence: 0.0006, tail: 0.0126, asym: 0.0000, rest_pka: 0.0000, pathway_floor: 0.0000, c_snc_floor: 0.0000, gpe_floor: 0.0000, dead_area: 0.0000, dead_proj: 0.0000
step 3000, loss: 1.868856, reward: 0.2215, log_reward: -1.6214, success: 0.2215, entropy: 0.0452, brevity: 0.2344, norm_resp_time: 0.469, silence: 0.0006, tail: 0.0129, asym: 0.0000, rest_pka: 0.0000, pathway_floor: 0.0000, c_snc_floor: 0.0000, gpe_floor: 0.0000, dead_area: 0.0000, dead_proj: 0.0000
step 3200, loss: 1.858385, reward: 0.2237, log_reward: -1.6141, success: 0.2237, entropy: 0.0464, brevity: 0.2308, norm_resp_time: 0.462, silence: 0.0006, tail: 0.0133, asym: 0.0000, rest_pka: 0.0000, pathway_floor: 0.0000, c_snc_floor: 0.0000, gpe_floor: 0.0000, dead_area: 0.0000, dead_proj: 0.0000
step 3400, loss: 1.856980, reward: 0.2251, log_reward: -1.6096, success: 0.2251, entropy: 0.0457, brevity: 0.2341, norm_resp_time: 0.468, silence: 0.0006, tail: 0.0132, asym: 0.0000, rest_pka: 0.0000, pathway_floor: 0.0000, c_snc_floor: 0.0000, gpe_floor: 0.0000, dead_area: 0.0000, dead_proj: 0.0000
step 3600, loss: 1.842107, reward: 0.2283, log_reward: -1.5934, success: 0.2283, entropy: 0.0459, brevity: 0.2353, norm_resp_time: 0.471, silence: 0.0006, tail: 0.0133, asym: 0.0000, rest_pka: 0.0000, pathway_floor: 0.0000, c_snc_floor: 0.0000, gpe_floor: 0.0000, dead_area: 0.0000, dead_proj: 0.0000
step 3800, loss: 1.838231, reward: 0.2291, log_reward: -1.5920, success: 0.2291, entropy: 0.0468, brevity: 0.2324, norm_resp_time: 0.465, silence: 0.0006, tail: 0.0137, asym: 0.0000, rest_pka: 0.0000, pathway_floor: 0.0000, c_snc_floor: 0.0000, gpe_floor: 0.0000, dead_area: 0.0000, dead_proj: 0.0000
step 4000, loss: 1.834693, reward: 0.2308, log_reward: -1.5898, success: 0.2308, entropy: 0.0475, brevity: 0.2309, norm_resp_time: 0.462, silence: 0.0006, tail: 0.0139, asym: 0.0000, rest_pka: 0.0000, pathway_floor: 0.0000, c_snc_floor: 0.0000, gpe_floor: 0.0000, dead_area: 0.0000, dead_proj: 0.0000
step 4200, loss: 1.827107, reward: 0.2317, log_reward: -1.5825, success: 0.2317, entropy: 0.0484, brevity: 0.2302, norm_resp_time: 0.460, silence: 0.0006, tail: 0.0143, asym: 0.0000, rest_pka: 0.0000, pathway_floor: 0.0000, c_snc_floor: 0.0000, gpe_floor: 0.0000, dead_area: 0.0000, dead_proj: 0.0000
step 4400, loss: 1.812071, reward: 0.2350, log_reward: -1.5659, success: 0.2350, entropy: 0.0479, brevity: 0.2319, norm_resp_time: 0.464, silence: 0.0006, tail: 0.0142, asym: 0.0000, rest_pka: 0.0000, pathway_floor: 0.0000, c_snc_floor: 0.0000, gpe_floor: 0.0000, dead_area: 0.0000, dead_proj: 0.0000
step 4600, loss: 1.822367, reward: 0.2344, log_reward: -1.5746, success: 0.2344, entropy: 0.0478, brevity: 0.2334, norm_resp_time: 0.467, silence: 0.0006, tail: 0.0142, asym: 0.0000, rest_pka: 0.0000, pathway_floor: 0.0000, c_snc_floor: 0.0000, gpe_floor: 0.0000, dead_area: 0.0000, dead_proj: 0.0000
step 4800, loss: 1.813894, reward: 0.2362, log_reward: -1.5653, success: 0.2362, entropy: 0.0482, brevity: 0.2340, norm_resp_time: 0.468, silence: 0.0006, tail: 0.0145, asym: 0.0000, rest_pka: 0.0000, pathway_floor: 0.0000, c_snc_floor: 0.0000, gpe_floor: 0.0000, dead_area: 0.0000, dead_proj: 0.0000
step 5000, loss: 1.811528, reward: 0.2375, log_reward: -1.5636, success: 0.2375, entropy: 0.0486, brevity: 0.2332, norm_resp_time: 0.466, silence: 0.0006, tail: 0.0147, asym: 0.0000, rest_pka: 0.0000, pathway_floor: 0.0000, c_snc_floor: 0.0000, gpe_floor: 0.0000, dead_area: 0.0000, dead_proj: 0.0000
step 5200, loss: 1.810713, reward: 0.2387, log_reward: -1.5639, success: 0.2387, entropy: 0.0500, brevity: 0.2315, norm_resp_time: 0.463, silence: 0.0006, tail: 0.0152, asym: 0.0000, rest_pka: 0.0000, pathway_floor: 0.0000, c_snc_floor: 0.0000, gpe_floor: 0.0000, dead_area: 0.0000, dead_proj: 0.0000
step 5400, loss: 1.802508, reward: 0.2400, log_reward: -1.5568, success: 0.2400, entropy: 0.0509, brevity: 0.2300, norm_resp_time: 0.460, silence: 0.0006, tail: 0.0156, asym: 0.0000, rest_pka: 0.0000, pathway_floor: 0.0000, c_snc_floor: 0.0000, gpe_floor: 0.0000, dead_area: 0.0000, dead_proj: 0.0000
step 5600, loss: 1.799330, reward: 0.2412, log_reward: -1.5488, success: 0.2412, entropy: 0.0502, brevity: 0.2350, norm_resp_time: 0.470, silence: 0.0005, tail: 0.0155, asym: 0.0000, rest_pka: 0.0000, pathway_floor: 0.0000, c_snc_floor: 0.0000, gpe_floor: 0.0000, dead_area: 0.0000, dead_proj: 0.0000
step 5800, loss: 1.797987, reward: 0.2410, log_reward: -1.5491, success: 0.2410, entropy: 0.0507, brevity: 0.2331, norm_resp_time: 0.466, silence: 0.0005, tail: 0.0158, asym: 0.0000, rest_pka: 0.0000, pathway_floor: 0.0000, c_snc_floor: 0.0000, gpe_floor: 0.0000, dead_area: 0.0000, dead_proj: 0.0000
step 6000, loss: 1.791039, reward: 0.2424, log_reward: -1.5431, success: 0.2424, entropy: 0.0523, brevity: 0.2314, norm_resp_time: 0.463, silence: 0.0006, tail: 0.0164, asym: 0.0000, rest_pka: 0.0000, pathway_floor: 0.0000, c_snc_floor: 0.0000, gpe_floor: 0.0000, dead_area: 0.0000, dead_proj: 0.0000
step 6200, loss: 1.781776, reward: 0.2446, log_reward: -1.5321, success: 0.2446, entropy: 0.0514, brevity: 0.2335, norm_resp_time: 0.467, silence: 0.0005, tail: 0.0162, asym: 0.0000, rest_pka: 0.0000, pathway_floor: 0.0000, c_snc_floor: 0.0000, gpe_floor: 0.0000, dead_area: 0.0000, dead_proj: 0.0000
step 6400, loss: 1.787021, reward: 0.2439, log_reward: -1.5366, success: 0.2439, entropy: 0.0517, brevity: 0.2339, norm_resp_time: 0.468, silence: 0.0005, tail: 0.0165, asym: 0.0000, rest_pka: 0.0000, pathway_floor: 0.0000, c_snc_floor: 0.0000, gpe_floor: 0.0000, dead_area: 0.0000, dead_proj: 0.0000
step 6600, loss: 1.783050, reward: 0.2456, log_reward: -1.5342, success: 0.2456, entropy: 0.0527, brevity: 0.2321, norm_resp_time: 0.464, silence: 0.0005, tail: 0.0167, asym: 0.0000, rest_pka: 0.0000, pathway_floor: 0.0000, c_snc_floor: 0.0000, gpe_floor: 0.0000, dead_area: 0.0000, dead_proj: 0.0000
step 6800, loss: 1.786558, reward: 0.2449, log_reward: -1.5359, success: 0.2449, entropy: 0.0507, brevity: 0.2345, norm_resp_time: 0.469, silence: 0.0005, tail: 0.0162, asym: 0.0000, rest_pka: 0.0000, pathway_floor: 0.0000, c_snc_floor: 0.0000, gpe_floor: 0.0000, dead_area: 0.0000, dead_proj: 0.0000
step 7000, loss: 1.778793, reward: 0.2459, log_reward: -1.5304, success: 0.2459, entropy: 0.0522, brevity: 0.2317, norm_resp_time: 0.463, silence: 0.0005, tail: 0.0166, asym: 0.0000, rest_pka: 0.0000, pathway_floor: 0.0000, c_snc_floor: 0.0000, gpe_floor: 0.0000, dead_area: 0.0000, dead_proj: 0.0000
step 7200, loss: 1.782342, reward: 0.2461, log_reward: -1.5345, success: 0.2461, entropy: 0.0534, brevity: 0.2308, norm_resp_time: 0.462, silence: 0.0006, tail: 0.0170, asym: 0.0000, rest_pka: 0.0000, pathway_floor: 0.0000, c_snc_floor: 0.0000, gpe_floor: 0.0000, dead_area: 0.0000, dead_proj: 0.0000
step 7400, loss: 1.782597, reward: 0.2472, log_reward: -1.5309, success: 0.2472, entropy: 0.0520, brevity: 0.2351, norm_resp_time: 0.470, silence: 0.0005, tail: 0.0166, asym: 0.0000, rest_pka: 0.0000, pathway_floor: 0.0000, c_snc_floor: 0.0000, gpe_floor: 0.0000, dead_area: 0.0000, dead_proj: 0.0000
step 7600, loss: 1.777965, reward: 0.2472, log_reward: -1.5286, success: 0.2472, entropy: 0.0533, brevity: 0.2322, norm_resp_time: 0.464, silence: 0.0005, tail: 0.0171, asym: 0.0000, rest_pka: 0.0000, pathway_floor: 0.0000, c_snc_floor: 0.0000, gpe_floor: 0.0000, dead_area: 0.0000, dead_proj: 0.0000
step 7800, loss: 1.768256, reward: 0.2487, log_reward: -1.5172, success: 0.2487, entropy: 0.0527, brevity: 0.2341, norm_resp_time: 0.468, silence: 0.0005, tail: 0.0170, asym: 0.0000, rest_pka: 0.0000, pathway_floor: 0.0000, c_snc_floor: 0.0000, gpe_floor: 0.0000, dead_area: 0.0000, dead_proj: 0.0000
step 8000, loss: 1.763485, reward: 0.2504, log_reward: -1.5130, success: 0.2504, entropy: 0.0535, brevity: 0.2332, norm_resp_time: 0.466, silence: 0.0005, tail: 0.0173, asym: 0.0000, rest_pka: 0.0000, pathway_floor: 0.0000, c_snc_floor: 0.0000, gpe_floor: 0.0000, dead_area: 0.0000, dead_proj: 0.0000
step 8200, loss: 1.776196, reward: 0.2476, log_reward: -1.5259, success: 0.2476, entropy: 0.0538, brevity: 0.2329, norm_resp_time: 0.466, silence: 0.0005, tail: 0.0174, asym: 0.0000, rest_pka: 0.0000, pathway_floor: 0.0000, c_snc_floor: 0.0000, gpe_floor: 0.0000, dead_area: 0.0000, dead_proj: 0.0000
step 8400, loss: 1.777460, reward: 0.2483, log_reward: -1.5297, success: 0.2483, entropy: 0.0539, brevity: 0.2304, norm_resp_time: 0.461, silence: 0.0005, tail: 0.0173, asym: 0.0000, rest_pka: 0.0000, pathway_floor: 0.0000, c_snc_floor: 0.0000, gpe_floor: 0.0000, dead_area: 0.0000, dead_proj: 0.0000
step 8600, loss: 1.762028, reward: 0.2509, log_reward: -1.5114, success: 0.2509, entropy: 0.0524, brevity: 0.2337, norm_resp_time: 0.467, silence: 0.0005, tail: 0.0169, asym: 0.0000, rest_pka: 0.0000, pathway_floor: 0.0000, c_snc_floor: 0.0000, gpe_floor: 0.0000, dead_area: 0.0000, dead_proj: 0.0000
step 8800, loss: 1.766059, reward: 0.2501, log_reward: -1.5181, success: 0.2501, entropy: 0.0547, brevity: 0.2303, norm_resp_time: 0.461, silence: 0.0005, tail: 0.0177, asym: 0.0000, rest_pka: 0.0000, pathway_floor: 0.0000, c_snc_floor: 0.0000, gpe_floor: 0.0000, dead_area: 0.0000, dead_proj: 0.0000
step 9000, loss: 1.766550, reward: 0.2510, log_reward: -1.5156, success: 0.2510, entropy: 0.0529, brevity: 0.2339, norm_resp_time: 0.468, silence: 0.0005, tail: 0.0171, asym: 0.0000, rest_pka: 0.0000, pathway_floor: 0.0000, c_snc_floor: 0.0000, gpe_floor: 0.0000, dead_area: 0.0000, dead_proj: 0.0000
step 9200, loss: 1.776730, reward: 0.2487, log_reward: -1.5285, success: 0.2487, entropy: 0.0542, brevity: 0.2307, norm_resp_time: 0.461, silence: 0.0005, tail: 0.0176, asym: 0.0000, rest_pka: 0.0000, pathway_floor: 0.0000, c_snc_floor: 0.0000, gpe_floor: 0.0000, dead_area: 0.0000, dead_proj: 0.0000
step 9400, loss: 1.767255, reward: 0.2503, log_reward: -1.5172, success: 0.2503, entropy: 0.0540, brevity: 0.2326, norm_resp_time: 0.465, silence: 0.0005, tail: 0.0175, asym: 0.0000, rest_pka: 0.0000, pathway_floor: 0.0000, c_snc_floor: 0.0000, gpe_floor: 0.0000, dead_area: 0.0000, dead_proj: 0.0000
step 9600, loss: 1.760203, reward: 0.2507, log_reward: -1.5117, success: 0.2507, entropy: 0.0545, brevity: 0.2308, norm_resp_time: 0.462, silence: 0.0005, tail: 0.0177, asym: 0.0000, rest_pka: 0.0000, pathway_floor: 0.0000, c_snc_floor: 0.0000, gpe_floor: 0.0000, dead_area: 0.0000, dead_proj: 0.0000
step 9800, loss: 1.785063, reward: 0.2484, log_reward: -1.5362, success: 0.2484, entropy: 0.0546, brevity: 0.2312, norm_resp_time: 0.462, silence: 0.0006, tail: 0.0177, asym: 0.0000, rest_pka: 0.0000, pathway_floor: 0.0000, c_snc_floor: 0.0000, gpe_floor: 0.0000, dead_area: 0.0000, dead_proj: 0.0000
step 10000, loss: 1.767110, reward: 0.2503, log_reward: -1.5158, success: 0.2503, entropy: 0.0538, brevity: 0.2337, norm_resp_time: 0.467, silence: 0.0005, tail: 0.0176, asym: 0.0000, rest_pka: 0.0000, pathway_floor: 0.0000, c_snc_floor: 0.0000, gpe_floor: 0.0000, dead_area: 0.0000, dead_proj: 0.0000
Saved shaped params to: /home/dsvedberg/Documents/CodeVault/cbtModels/cbt_loop_noSCnoSTN/params_shaped.pkl
Final logged loss: 1.767110
Final mean reward: 0.2503
