[init=scratch] building fresh params from init_params (no Pavlovian bootstrap)
[balanced_init] cortico-thalamic loop rho(M): 1.701 -> 1.000 (target 1.0, tau=7.0)
Hybrid batch: inputs (100, 1000, 2) (2 cue channels: preparatory + go)
Training 10000 iters -> params_hybrid_scratch.pkl
step 200, loss: 170.934326, reward: 0.0000, log_reward: -170.7088, success: 0.0000, entropy: 0.5405, brevity: 0.0000, norm_resp_time: 0.000, silence: 0.1151, tail: 0.1158, asym: 0.0000, rest_pka: 0.0000, pathway_floor: 0.0000, c_snc_floor: 0.0000, gpe_floor: 0.0000, dead_area: 0.0000, dead_proj: 0.0000
step 400, loss: 140.205261, reward: 0.0000, log_reward: -140.0167, success: 0.0000, entropy: 0.4912, brevity: 0.0000, norm_resp_time: 0.000, silence: 0.0966, tail: 0.0969, asym: 0.0000, rest_pka: 0.0000, pathway_floor: 0.0000, c_snc_floor: 0.0000, gpe_floor: 0.0000, dead_area: 0.0000, dead_proj: 0.0000
step 600, loss: 115.398132, reward: 0.0000, log_reward: -115.2405, success: 0.0000, entropy: 0.4431, brevity: 0.0000, norm_resp_time: 0.000, silence: 0.0810, tail: 0.0811, asym: 0.0000, rest_pka: 0.0000, pathway_floor: 0.0000, c_snc_floor: 0.0000, gpe_floor: 0.0000, dead_area: 0.0000, dead_proj: 0.0000
step 800, loss: 95.029030, reward: 0.0000, log_reward: -94.8976, success: 0.0000, entropy: 0.3966, brevity: 0.0000, norm_resp_time: 0.000, silence: 0.0677, tail: 0.0677, asym: 0.0000, rest_pka: 0.0000, pathway_floor: 0.0000, c_snc_floor: 0.0000, gpe_floor: 0.0000, dead_area: 0.0000, dead_proj: 0.0000
step 1000, loss: 78.234001, reward: 0.0000, log_reward: -78.1246, success: 0.0000, entropy: 0.3526, brevity: 0.0000, norm_resp_time: 0.000, silence: 0.0564, tail: 0.0564, asym: 0.0000, rest_pka: 0.0000, pathway_floor: 0.0000, c_snc_floor: 0.0000, gpe_floor: 0.0000, dead_area: 0.0000, dead_proj: 0.0000
step 1200, loss: 64.360863, reward: 0.0000, log_reward: -64.2701, success: 0.0000, entropy: 0.3114, brevity: 0.0000, norm_resp_time: 0.000, silence: 0.0469, tail: 0.0469, asym: 0.0000, rest_pka: 0.0000, pathway_floor: 0.0000, c_snc_floor: 0.0000, gpe_floor: 0.0000, dead_area: 0.0000, dead_proj: 0.0000
step 1400, loss: 52.909161, reward: 0.0000, log_reward: -52.8341, success: 0.0000, entropy: 0.2734, brevity: 0.0000, norm_resp_time: 0.000, silence: 0.0389, tail: 0.0389, asym: 0.0000, rest_pka: 0.0000, pathway_floor: 0.0000, c_snc_floor: 0.0000, gpe_floor: 0.0000, dead_area: 0.0000, dead_proj: 0.0000
step 1600, loss: 43.465477, reward: 0.0000, log_reward: -43.4035, success: 0.0000, entropy: 0.2389, brevity: 0.0000, norm_resp_time: 0.000, silence: 0.0322, tail: 0.0322, asym: 0.0000, rest_pka: 0.0000, pathway_floor: 0.0000, c_snc_floor: 0.0000, gpe_floor: 0.0000, dead_area: 0.0000, dead_proj: 0.0000
step 1800, loss: 35.687458, reward: 0.0000, log_reward: -35.6363, success: 0.0000, entropy: 0.2077, brevity: 0.0001, norm_resp_time: 0.000, silence: 0.0266, tail: 0.0266, asym: 0.0000, rest_pka: 0.0000, pathway_floor: 0.0000, c_snc_floor: 0.0000, gpe_floor: 0.0000, dead_area: 0.0000, dead_proj: 0.0000
step 2000, loss: 29.294451, reward: 0.0000, log_reward: -29.2492, success: 0.0000, entropy: 0.1800, brevity: 0.0032, norm_resp_time: 0.006, silence: 0.0219, tail: 0.0219, asym: 0.0000, rest_pka: 0.0000, pathway_floor: 0.0000, c_snc_floor: 0.0000, gpe_floor: 0.0000, dead_area: 0.0000, dead_proj: 0.0000
step 2200, loss: 24.062349, reward: 0.0000, log_reward: -24.0056, success: 0.0000, entropy: 0.1553, brevity: 0.0222, norm_resp_time: 0.044, silence: 0.0180, tail: 0.0181, asym: 0.0000, rest_pka: 0.0000, pathway_floor: 0.0000, c_snc_floor: 0.0000, gpe_floor: 0.0000, dead_area: 0.0000, dead_proj: 0.0000
step 2400, loss: 19.796232, reward: 0.0000, log_reward: -19.7105, success: 0.0000, entropy: 0.1337, brevity: 0.0573, norm_resp_time: 0.115, silence: 0.0148, tail: 0.0148, asym: 0.0000, rest_pka: 0.0000, pathway_floor: 0.0000, c_snc_floor: 0.0000, gpe_floor: 0.0000, dead_area: 0.0000, dead_proj: 0.0000
step 2600, loss: 16.331991, reward: 0.0000, log_reward: -16.2020, success: 0.0000, entropy: 0.1147, brevity: 0.1067, norm_resp_time: 0.213, silence: 0.0122, tail: 0.0122, asym: 0.0000, rest_pka: 0.0000, pathway_floor: 0.0000, c_snc_floor: 0.0000, gpe_floor: 0.0000, dead_area: 0.0000, dead_proj: 0.0000
step 2800, loss: 13.520451, reward: 0.0000, log_reward: -13.3450, success: 0.0000, entropy: 0.0982, brevity: 0.1564, norm_resp_time: 0.313, silence: 0.0100, tail: 0.0100, asym: 0.0000, rest_pka: 0.0000, pathway_floor: 0.0000, c_snc_floor: 0.0000, gpe_floor: 0.0000, dead_area: 0.0000, dead_proj: 0.0000
step 3000, loss: 11.223645, reward: 0.0001, log_reward: -11.0276, success: 0.0001, entropy: 0.0839, brevity: 0.1804, norm_resp_time: 0.361, silence: 0.0082, tail: 0.0082, asym: 0.0000, rest_pka: 0.0000, pathway_floor: 0.0000, c_snc_floor: 0.0000, gpe_floor: 0.0000, dead_area: 0.0000, dead_proj: 0.0000
step 3200, loss: 9.361698, reward: 0.0004, log_reward: -9.1565, success: 0.0004, entropy: 0.0715, brevity: 0.1924, norm_resp_time: 0.385, silence: 0.0067, tail: 0.0067, asym: 0.0000, rest_pka: 0.0000, pathway_floor: 0.0000, c_snc_floor: 0.0000, gpe_floor: 0.0000, dead_area: 0.0000, dead_proj: 0.0000
step 3400, loss: 7.866477, reward: 0.0013, log_reward: -7.6540, success: 0.0013, entropy: 0.0608, brevity: 0.2020, norm_resp_time: 0.404, silence: 0.0055, tail: 0.0055, asym: 0.0000, rest_pka: 0.0000, pathway_floor: 0.0000, c_snc_floor: 0.0000, gpe_floor: 0.0000, dead_area: 0.0000, dead_proj: 0.0000
step 3600, loss: 6.674628, reward: 0.0032, log_reward: -6.4561, success: 0.0032, entropy: 0.0517, brevity: 0.2100, norm_resp_time: 0.420, silence: 0.0045, tail: 0.0045, asym: 0.0000, rest_pka: 0.0000, pathway_floor: 0.0000, c_snc_floor: 0.0000, gpe_floor: 0.0000, dead_area: 0.0000, dead_proj: 0.0000
step 3800, loss: 5.732105, reward: 0.0066, log_reward: -5.5085, success: 0.0066, entropy: 0.0438, brevity: 0.2167, norm_resp_time: 0.433, silence: 0.0037, tail: 0.0037, asym: 0.0000, rest_pka: 0.0000, pathway_floor: 0.0000, c_snc_floor: 0.0000, gpe_floor: 0.0000, dead_area: 0.0000, dead_proj: 0.0000
step 4000, loss: 4.994701, reward: 0.0120, log_reward: -4.7668, success: 0.0120, entropy: 0.0371, brevity: 0.2222, norm_resp_time: 0.444, silence: 0.0030, tail: 0.0030, asym: 0.0000, rest_pka: 0.0000, pathway_floor: 0.0000, c_snc_floor: 0.0000, gpe_floor: 0.0000, dead_area: 0.0000, dead_proj: 0.0000
step 4200, loss: 4.425915, reward: 0.0191, log_reward: -4.1945, success: 0.0191, entropy: 0.0314, brevity: 0.2267, norm_resp_time: 0.453, silence: 0.0025, tail: 0.0025, asym: 0.0000, rest_pka: 0.0000, pathway_floor: 0.0000, c_snc_floor: 0.0000, gpe_floor: 0.0000, dead_area: 0.0000, dead_proj: 0.0000
step 4400, loss: 3.995636, reward: 0.0273, log_reward: -3.7614, success: 0.0273, entropy: 0.0266, brevity: 0.2305, norm_resp_time: 0.461, silence: 0.0020, tail: 0.0020, asym: 0.0000, rest_pka: 0.0000, pathway_floor: 0.0000, c_snc_floor: 0.0000, gpe_floor: 0.0000, dead_area: 0.0000, dead_proj: 0.0000
step 4600, loss: 3.679065, reward: 0.0357, log_reward: -3.4424, success: 0.0357, entropy: 0.0224, brevity: 0.2335, norm_resp_time: 0.467, silence: 0.0017, tail: 0.0017, asym: 0.0000, rest_pka: 0.0000, pathway_floor: 0.0000, c_snc_floor: 0.0000, gpe_floor: 0.0000, dead_area: 0.0000, dead_proj: 0.0000
step 4800, loss: 3.456992, reward: 0.0431, log_reward: -3.2184, success: 0.0431, entropy: 0.0189, brevity: 0.2360, norm_resp_time: 0.472, silence: 0.0014, tail: 0.0014, asym: 0.0000, rest_pka: 0.0000, pathway_floor: 0.0000, c_snc_floor: 0.0000, gpe_floor: 0.0000, dead_area: 0.0000, dead_proj: 0.0000
step 5000, loss: 3.335029, reward: 0.0478, log_reward: -3.0951, success: 0.0478, entropy: 0.0165, brevity: 0.2377, norm_resp_time: 0.475, silence: 0.0012, tail: 0.0012, asym: 0.0000, rest_pka: 0.0000, pathway_floor: 0.0000, c_snc_floor: 0.0000, gpe_floor: 0.0000, dead_area: 0.0000, dead_proj: 0.0000
step 5200, loss: 3.271113, reward: 0.0504, log_reward: -3.0304, success: 0.0504, entropy: 0.0149, brevity: 0.2388, norm_resp_time: 0.478, silence: 0.0010, tail: 0.0010, asym: 0.0000, rest_pka: 0.0000, pathway_floor: 0.0000, c_snc_floor: 0.0000, gpe_floor: 0.0000, dead_area: 0.0000, dead_proj: 0.0000
step 5400, loss: 3.235557, reward: 0.0519, log_reward: -2.9942, success: 0.0519, entropy: 0.0138, brevity: 0.2396, norm_resp_time: 0.479, silence: 0.0010, tail: 0.0010, asym: 0.0000, rest_pka: 0.0000, pathway_floor: 0.0000, c_snc_floor: 0.0000, gpe_floor: 0.0000, dead_area: 0.0000, dead_proj: 0.0000
step 5600, loss: 3.215381, reward: 0.0527, log_reward: -2.9736, success: 0.0527, entropy: 0.0130, brevity: 0.2401, norm_resp_time: 0.480, silence: 0.0009, tail: 0.0009, asym: 0.0000, rest_pka: 0.0000, pathway_floor: 0.0000, c_snc_floor: 0.0000, gpe_floor: 0.0000, dead_area: 0.0000, dead_proj: 0.0000
step 5800, loss: 3.203957, reward: 0.0532, log_reward: -2.9619, success: 0.0532, entropy: 0.0124, brevity: 0.2405, norm_resp_time: 0.481, silence: 0.0008, tail: 0.0008, asym: 0.0000, rest_pka: 0.0000, pathway_floor: 0.0000, c_snc_floor: 0.0000, gpe_floor: 0.0000, dead_area: 0.0000, dead_proj: 0.0000
step 6000, loss: 3.197620, reward: 0.0534, log_reward: -2.9553, success: 0.0534, entropy: 0.0119, brevity: 0.2408, norm_resp_time: 0.482, silence: 0.0008, tail: 0.0008, asym: 0.0000, rest_pka: 0.0000, pathway_floor: 0.0000, c_snc_floor: 0.0000, gpe_floor: 0.0000, dead_area: 0.0000, dead_proj: 0.0000
step 6200, loss: 3.194216, reward: 0.0535, log_reward: -2.9518, success: 0.0535, entropy: 0.0116, brevity: 0.2410, norm_resp_time: 0.482, silence: 0.0008, tail: 0.0008, asym: 0.0000, rest_pka: 0.0000, pathway_floor: 0.0000, c_snc_floor: 0.0000, gpe_floor: 0.0000, dead_area: 0.0000, dead_proj: 0.0000
step 6400, loss: 3.192456, reward: 0.0535, log_reward: -2.9499, success: 0.0535, entropy: 0.0113, brevity: 0.2412, norm_resp_time: 0.482, silence: 0.0008, tail: 0.0008, asym: 0.0000, rest_pka: 0.0000, pathway_floor: 0.0000, c_snc_floor: 0.0000, gpe_floor: 0.0000, dead_area: 0.0000, dead_proj: 0.0000
step 6600, loss: 3.191582, reward: 0.0536, log_reward: -2.9489, success: 0.0536, entropy: 0.0111, brevity: 0.2413, norm_resp_time: 0.483, silence: 0.0007, tail: 0.0007, asym: 0.0000, rest_pka: 0.0000, pathway_floor: 0.0000, c_snc_floor: 0.0000, gpe_floor: 0.0000, dead_area: 0.0000, dead_proj: 0.0000
step 6800, loss: 3.191172, reward: 0.0536, log_reward: -2.9484, success: 0.0536, entropy: 0.0110, brevity: 0.2414, norm_resp_time: 0.483, silence: 0.0007, tail: 0.0007, asym: 0.0000, rest_pka: 0.0000, pathway_floor: 0.0000, c_snc_floor: 0.0000, gpe_floor: 0.0000, dead_area: 0.0000, dead_proj: 0.0000
step 7000, loss: 3.190967, reward: 0.0535, log_reward: -2.9482, success: 0.0535, entropy: 0.0109, brevity: 0.2414, norm_resp_time: 0.483, silence: 0.0007, tail: 0.0007, asym: 0.0000, rest_pka: 0.0000, pathway_floor: 0.0000, c_snc_floor: 0.0000, gpe_floor: 0.0000, dead_area: 0.0000, dead_proj: 0.0000
step 7200, loss: 3.190812, reward: 0.0535, log_reward: -2.9480, success: 0.0535, entropy: 0.0109, brevity: 0.2415, norm_resp_time: 0.483, silence: 0.0007, tail: 0.0007, asym: 0.0000, rest_pka: 0.0000, pathway_floor: 0.0000, c_snc_floor: 0.0000, gpe_floor: 0.0000, dead_area: 0.0000, dead_proj: 0.0000
step 7400, loss: 3.190303, reward: 0.0536, log_reward: -2.9475, success: 0.0536, entropy: 0.0109, brevity: 0.2414, norm_resp_time: 0.483, silence: 0.0007, tail: 0.0007, asym: 0.0000, rest_pka: 0.0000, pathway_floor: 0.0000, c_snc_floor: 0.0000, gpe_floor: 0.0000, dead_area: 0.0000, dead_proj: 0.0000
step 7600, loss: 3.188199, reward: 0.0537, log_reward: -2.9454, success: 0.0537, entropy: 0.0109, brevity: 0.2414, norm_resp_time: 0.483, silence: 0.0007, tail: 0.0007, asym: 0.0000, rest_pka: 0.0000, pathway_floor: 0.0000, c_snc_floor: 0.0000, gpe_floor: 0.0000, dead_area: 0.0000, dead_proj: 0.0000
step 7800, loss: 3.185348, reward: 0.0538, log_reward: -2.9426, success: 0.0538, entropy: 0.0109, brevity: 0.2414, norm_resp_time: 0.483, silence: 0.0007, tail: 0.0007, asym: 0.0000, rest_pka: 0.0000, pathway_floor: 0.0000, c_snc_floor: 0.0000, gpe_floor: 0.0000, dead_area: 0.0000, dead_proj: 0.0000
step 8000, loss: 3.176814, reward: 0.0543, log_reward: -2.9340, success: 0.0543, entropy: 0.0109, brevity: 0.2415, norm_resp_time: 0.483, silence: 0.0007, tail: 0.0007, asym: 0.0000, rest_pka: 0.0000, pathway_floor: 0.0000, c_snc_floor: 0.0000, gpe_floor: 0.0000, dead_area: 0.0000, dead_proj: 0.0000
step 8200, loss: 3.151301, reward: 0.0557, log_reward: -2.9084, success: 0.0557, entropy: 0.0111, brevity: 0.2415, norm_resp_time: 0.483, silence: 0.0007, tail: 0.0008, asym: 0.0000, rest_pka: 0.0000, pathway_floor: 0.0000, c_snc_floor: 0.0000, gpe_floor: 0.0000, dead_area: 0.0000, dead_proj: 0.0000
step 8400, loss: 3.076531, reward: 0.0601, log_reward: -2.8336, success: 0.0601, entropy: 0.0115, brevity: 0.2415, norm_resp_time: 0.483, silence: 0.0007, tail: 0.0008, asym: 0.0000, rest_pka: 0.0000, pathway_floor: 0.0000, c_snc_floor: 0.0000, gpe_floor: 0.0000, dead_area: 0.0000, dead_proj: 0.0000
step 8600, loss: 2.921138, reward: 0.0703, log_reward: -2.6780, success: 0.0703, entropy: 0.0124, brevity: 0.2416, norm_resp_time: 0.483, silence: 0.0007, tail: 0.0010, asym: 0.0000, rest_pka: 0.0000, pathway_floor: 0.0000, c_snc_floor: 0.0000, gpe_floor: 0.0000, dead_area: 0.0000, dead_proj: 0.0000
step 8800, loss: 2.646403, reward: 0.0925, log_reward: -2.4035, success: 0.0925, entropy: 0.0140, brevity: 0.2409, norm_resp_time: 0.482, silence: 0.0007, tail: 0.0014, asym: 0.0000, rest_pka: 0.0000, pathway_floor: 0.0000, c_snc_floor: 0.0000, gpe_floor: 0.0000, dead_area: 0.0000, dead_proj: 0.0000
step 9000, loss: 2.252406, reward: 0.1367, log_reward: -2.0119, success: 0.1367, entropy: 0.0170, brevity: 0.2377, norm_resp_time: 0.475, silence: 0.0007, tail: 0.0022, asym: 0.0000, rest_pka: 0.0000, pathway_floor: 0.0000, c_snc_floor: 0.0000, gpe_floor: 0.0000, dead_area: 0.0000, dead_proj: 0.0000
step 9200, loss: 1.779245, reward: 0.2172, log_reward: -1.5465, success: 0.2172, entropy: 0.0225, brevity: 0.2284, norm_resp_time: 0.457, silence: 0.0007, tail: 0.0039, asym: 0.0000, rest_pka: 0.0000, pathway_floor: 0.0000, c_snc_floor: 0.0000, gpe_floor: 0.0000, dead_area: 0.0000, dead_proj: 0.0000
step 9400, loss: 1.337350, reward: 0.3317, log_reward: -1.1188, success: 0.3317, entropy: 0.0307, brevity: 0.2115, norm_resp_time: 0.423, silence: 0.0006, tail: 0.0068, asym: 0.0000, rest_pka: 0.0000, pathway_floor: 0.0000, c_snc_floor: 0.0000, gpe_floor: 0.0000, dead_area: 0.0000, dead_proj: 0.0000
step 9600, loss: 1.010689, reward: 0.4491, log_reward: -0.8114, success: 0.4491, entropy: 0.0401, brevity: 0.1887, norm_resp_time: 0.377, silence: 0.0005, tail: 0.0105, asym: 0.0000, rest_pka: 0.0000, pathway_floor: 0.0000, c_snc_floor: 0.0000, gpe_floor: 0.0000, dead_area: 0.0000, dead_proj: 0.0000
step 9800, loss: 0.799922, reward: 0.5435, log_reward: -0.6172, success: 0.5435, entropy: 0.0486, brevity: 0.1686, norm_resp_time: 0.337, silence: 0.0004, tail: 0.0142, asym: 0.0000, rest_pka: 0.0000, pathway_floor: 0.0000, c_snc_floor: 0.0000, gpe_floor: 0.0000, dead_area: 0.0000, dead_proj: 0.0000
step 10000, loss: 0.662910, reward: 0.6141, log_reward: -0.4928, success: 0.6141, entropy: 0.0556, brevity: 0.1528, norm_resp_time: 0.306, silence: 0.0003, tail: 0.0175, asym: 0.0000, rest_pka: 0.0000, pathway_floor: 0.0000, c_snc_floor: 0.0000, gpe_floor: 0.0000, dead_area: 0.0000, dead_proj: 0.0000
Saved hybrid params to: /home/dsvedberg/Documents/CodeVault/cbtModels/cbt_loop_noSCnoSTN/params_hybrid_scratch.pkl
Final logged loss: 0.662910
Final mean reward: 0.6141
