[balanced_init] cortico-thalamic loop rho(M): 1.516 -> 1.107 (target 1.107, tau=7.0)
[supervised-thal] readout=thalamus  target 0.25->0.75 for 50 steps, opening 300 steps after cue onset
[supervised-thal] task=self-timed  inputs (100, 1000, 1)  loss=mse  iters=10000
step 200, loss: 0.011550, sup_loss: 0.011550, acc: 0.9500, in_window: 0.2878, off_window: 0.2746, asym: 0.0000, rest_pka: 0.0000, pathway_floor: 0.0000, c_snc_floor: 0.0000, gpe_floor: 0.0000, dead_area: 0.0000, dead_proj: 0.0000
step 400, loss: 0.011529, sup_loss: 0.011529, acc: 0.9500, in_window: 0.2889, off_window: 0.2744, asym: 0.0000, rest_pka: 0.0000, pathway_floor: 0.0000, c_snc_floor: 0.0000, gpe_floor: 0.0000, dead_area: 0.0000, dead_proj: 0.0000
step 600, loss: 0.011515, sup_loss: 0.011515, acc: 0.9500, in_window: 0.2893, off_window: 0.2744, asym: 0.0000, rest_pka: 0.0000, pathway_floor: 0.0000, c_snc_floor: 0.0000, gpe_floor: 0.0000, dead_area: 0.0000, dead_proj: 0.0000
step 800, loss: 0.011482, sup_loss: 0.011482, acc: 0.9500, in_window: 0.2898, off_window: 0.2741, asym: 0.0000, rest_pka: 0.0000, pathway_floor: 0.0000, c_snc_floor: 0.0000, gpe_floor: 0.0000, dead_area: 0.0000, dead_proj: 0.0000
step 1000, loss: 0.011355, sup_loss: 0.011355, acc: 0.9500, in_window: 0.2902, off_window: 0.2691, asym: 0.0000, rest_pka: 0.0000, pathway_floor: 0.0000, c_snc_floor: 0.0000, gpe_floor: 0.0000, dead_area: 0.0000, dead_proj: 0.0000
step 1200, loss: 0.002006, sup_loss: 0.002006, acc: 0.9897, in_window: 0.6697, off_window: 0.2556, asym: 0.0000, rest_pka: 0.0000, pathway_floor: 0.0000, c_snc_floor: 0.0000, gpe_floor: 0.0000, dead_area: 0.0000, dead_proj: 0.0000
step 1400, loss: 0.001157, sup_loss: 0.001157, acc: 0.9949, in_window: 0.7149, off_window: 0.2524, asym: 0.0000, rest_pka: 0.0000, pathway_floor: 0.0000, c_snc_floor: 0.0000, gpe_floor: 0.0000, dead_area: 0.0000, dead_proj: 0.0000
step 1600, loss: 0.001050, sup_loss: 0.001050, acc: 0.9962, in_window: 0.7171, off_window: 0.2522, asym: 0.0000, rest_pka: 0.0000, pathway_floor: 0.0000, c_snc_floor: 0.0000, gpe_floor: 0.0000, dead_area: 0.0000, dead_proj: 0.0000
step 1800, loss: 0.001016, sup_loss: 0.001016, acc: 0.9963, in_window: 0.7220, off_window: 0.2522, asym: 0.0000, rest_pka: 0.0000, pathway_floor: 0.0000, c_snc_floor: 0.0000, gpe_floor: 0.0000, dead_area: 0.0000, dead_proj: 0.0000
step 2000, loss: 0.000999, sup_loss: 0.000999, acc: 0.9964, in_window: 0.7182, off_window: 0.2521, asym: 0.0000, rest_pka: 0.0000, pathway_floor: 0.0000, c_snc_floor: 0.0000, gpe_floor: 0.0000, dead_area: 0.0000, dead_proj: 0.0000
step 2200, loss: 0.000957, sup_loss: 0.000957, acc: 0.9968, in_window: 0.7233, off_window: 0.2520, asym: 0.0000, rest_pka: 0.0000, pathway_floor: 0.0000, c_snc_floor: 0.0000, gpe_floor: 0.0000, dead_area: 0.0000, dead_proj: 0.0000
step 2400, loss: 0.000956, sup_loss: 0.000956, acc: 0.9967, in_window: 0.7191, off_window: 0.2519, asym: 0.0000, rest_pka: 0.0000, pathway_floor: 0.0000, c_snc_floor: 0.0000, gpe_floor: 0.0000, dead_area: 0.0000, dead_proj: 0.0000
step 2600, loss: 0.000942, sup_loss: 0.000942, acc: 0.9969, in_window: 0.7242, off_window: 0.2520, asym: 0.0000, rest_pka: 0.0000, pathway_floor: 0.0000, c_snc_floor: 0.0000, gpe_floor: 0.0000, dead_area: 0.0000, dead_proj: 0.0000
step 2800, loss: 0.000942, sup_loss: 0.000942, acc: 0.9971, in_window: 0.7258, off_window: 0.2520, asym: 0.0000, rest_pka: 0.0000, pathway_floor: 0.0000, c_snc_floor: 0.0000, gpe_floor: 0.0000, dead_area: 0.0000, dead_proj: 0.0000
step 3000, loss: 0.000872, sup_loss: 0.000872, acc: 0.9974, in_window: 0.7237, off_window: 0.2519, asym: 0.0000, rest_pka: 0.0000, pathway_floor: 0.0000, c_snc_floor: 0.0000, gpe_floor: 0.0000, dead_area: 0.0000, dead_proj: 0.0000
step 3200, loss: 0.000864, sup_loss: 0.000864, acc: 0.9972, in_window: 0.7265, off_window: 0.2519, asym: 0.0000, rest_pka: 0.0000, pathway_floor: 0.0000, c_snc_floor: 0.0000, gpe_floor: 0.0000, dead_area: 0.0000, dead_proj: 0.0000
step 3400, loss: 0.000848, sup_loss: 0.000848, acc: 0.9972, in_window: 0.7220, off_window: 0.2517, asym: 0.0000, rest_pka: 0.0000, pathway_floor: 0.0000, c_snc_floor: 0.0000, gpe_floor: 0.0000, dead_area: 0.0000, dead_proj: 0.0000
step 3600, loss: 0.000806, sup_loss: 0.000806, acc: 0.9972, in_window: 0.7228, off_window: 0.2517, asym: 0.0000, rest_pka: 0.0000, pathway_floor: 0.0000, c_snc_floor: 0.0000, gpe_floor: 0.0000, dead_area: 0.0000, dead_proj: 0.0000
step 3800, loss: 0.000770, sup_loss: 0.000770, acc: 0.9976, in_window: 0.7251, off_window: 0.2516, asym: 0.0000, rest_pka: 0.0000, pathway_floor: 0.0000, c_snc_floor: 0.0000, gpe_floor: 0.0000, dead_area: 0.0000, dead_proj: 0.0000
step 4000, loss: 0.000741, sup_loss: 0.000741, acc: 0.9975, in_window: 0.7275, off_window: 0.2516, asym: 0.0000, rest_pka: 0.0000, pathway_floor: 0.0000, c_snc_floor: 0.0000, gpe_floor: 0.0000, dead_area: 0.0000, dead_proj: 0.0000
step 4200, loss: 0.000721, sup_loss: 0.000721, acc: 0.9974, in_window: 0.7281, off_window: 0.2515, asym: 0.0000, rest_pka: 0.0000, pathway_floor: 0.0000, c_snc_floor: 0.0000, gpe_floor: 0.0000, dead_area: 0.0000, dead_proj: 0.0000
step 4400, loss: 0.000685, sup_loss: 0.000685, acc: 0.9976, in_window: 0.7254, off_window: 0.2514, asym: 0.0000, rest_pka: 0.0000, pathway_floor: 0.0000, c_snc_floor: 0.0000, gpe_floor: 0.0000, dead_area: 0.0000, dead_proj: 0.0000
step 4600, loss: 0.000676, sup_loss: 0.000676, acc: 0.9973, in_window: 0.7247, off_window: 0.2514, asym: 0.0000, rest_pka: 0.0000, pathway_floor: 0.0000, c_snc_floor: 0.0000, gpe_floor: 0.0000, dead_area: 0.0000, dead_proj: 0.0000
step 4800, loss: 0.000637, sup_loss: 0.000637, acc: 0.9975, in_window: 0.7310, off_window: 0.2514, asym: 0.0000, rest_pka: 0.0000, pathway_floor: 0.0000, c_snc_floor: 0.0000, gpe_floor: 0.0000, dead_area: 0.0000, dead_proj: 0.0000
step 5000, loss: 0.000659, sup_loss: 0.000659, acc: 0.9972, in_window: 0.7267, off_window: 0.2512, asym: 0.0000, rest_pka: 0.0000, pathway_floor: 0.0000, c_snc_floor: 0.0000, gpe_floor: 0.0000, dead_area: 0.0000, dead_proj: 0.0000
step 5200, loss: 0.000554, sup_loss: 0.000554, acc: 0.9980, in_window: 0.7304, off_window: 0.2511, asym: 0.0000, rest_pka: 0.0000, pathway_floor: 0.0000, c_snc_floor: 0.0000, gpe_floor: 0.0000, dead_area: 0.0000, dead_proj: 0.0000
step 5400, loss: 0.000531, sup_loss: 0.000531, acc: 0.9980, in_window: 0.7337, off_window: 0.2513, asym: 0.0000, rest_pka: 0.0000, pathway_floor: 0.0000, c_snc_floor: 0.0000, gpe_floor: 0.0000, dead_area: 0.0000, dead_proj: 0.0000
step 5600, loss: 0.000519, sup_loss: 0.000519, acc: 0.9980, in_window: 0.7327, off_window: 0.2511, asym: 0.0000, rest_pka: 0.0000, pathway_floor: 0.0000, c_snc_floor: 0.0000, gpe_floor: 0.0000, dead_area: 0.0000, dead_proj: 0.0000
step 5800, loss: 0.000570, sup_loss: 0.000570, acc: 0.9975, in_window: 0.7300, off_window: 0.2511, asym: 0.0000, rest_pka: 0.0000, pathway_floor: 0.0000, c_snc_floor: 0.0000, gpe_floor: 0.0000, dead_area: 0.0000, dead_proj: 0.0000
step 6000, loss: 0.000547, sup_loss: 0.000547, acc: 0.9973, in_window: 0.7344, off_window: 0.2513, asym: 0.0000, rest_pka: 0.0000, pathway_floor: 0.0000, c_snc_floor: 0.0000, gpe_floor: 0.0000, dead_area: 0.0000, dead_proj: 0.0000
step 6200, loss: 0.000641, sup_loss: 0.000641, acc: 0.9970, in_window: 0.7166, off_window: 0.2511, asym: 0.0000, rest_pka: 0.0000, pathway_floor: 0.0000, c_snc_floor: 0.0000, gpe_floor: 0.0000, dead_area: 0.0000, dead_proj: 0.0000
step 6400, loss: 0.000473, sup_loss: 0.000473, acc: 0.9981, in_window: 0.7345, off_window: 0.2511, asym: 0.0000, rest_pka: 0.0000, pathway_floor: 0.0000, c_snc_floor: 0.0000, gpe_floor: 0.0000, dead_area: 0.0000, dead_proj: 0.0000
step 6600, loss: 0.000469, sup_loss: 0.000469, acc: 0.9979, in_window: 0.7328, off_window: 0.2510, asym: 0.0000, rest_pka: 0.0000, pathway_floor: 0.0000, c_snc_floor: 0.0000, gpe_floor: 0.0000, dead_area: 0.0000, dead_proj: 0.0000
step 6800, loss: 0.000529, sup_loss: 0.000529, acc: 0.9975, in_window: 0.7304, off_window: 0.2509, asym: 0.0000, rest_pka: 0.0000, pathway_floor: 0.0000, c_snc_floor: 0.0000, gpe_floor: 0.0000, dead_area: 0.0000, dead_proj: 0.0000
step 7000, loss: 0.000464, sup_loss: 0.000464, acc: 0.9978, in_window: 0.7352, off_window: 0.2510, asym: 0.0000, rest_pka: 0.0000, pathway_floor: 0.0000, c_snc_floor: 0.0000, gpe_floor: 0.0000, dead_area: 0.0000, dead_proj: 0.0000
step 7200, loss: 0.000535, sup_loss: 0.000535, acc: 0.9971, in_window: 0.7347, off_window: 0.2511, asym: 0.0000, rest_pka: 0.0000, pathway_floor: 0.0000, c_snc_floor: 0.0000, gpe_floor: 0.0000, dead_area: 0.0000, dead_proj: 0.0000
step 7400, loss: 0.000424, sup_loss: 0.000424, acc: 0.9982, in_window: 0.7340, off_window: 0.2509, asym: 0.0000, rest_pka: 0.0000, pathway_floor: 0.0000, c_snc_floor: 0.0000, gpe_floor: 0.0000, dead_area: 0.0000, dead_proj: 0.0000
step 7600, loss: 0.000429, sup_loss: 0.000429, acc: 0.9981, in_window: 0.7349, off_window: 0.2510, asym: 0.0000, rest_pka: 0.0000, pathway_floor: 0.0000, c_snc_floor: 0.0000, gpe_floor: 0.0000, dead_area: 0.0000, dead_proj: 0.0000
step 7800, loss: 0.000461, sup_loss: 0.000461, acc: 0.9978, in_window: 0.7344, off_window: 0.2509, asym: 0.0000, rest_pka: 0.0000, pathway_floor: 0.0000, c_snc_floor: 0.0000, gpe_floor: 0.0000, dead_area: 0.0000, dead_proj: 0.0000
step 8000, loss: 0.000411, sup_loss: 0.000411, acc: 0.9982, in_window: 0.7355, off_window: 0.2509, asym: 0.0000, rest_pka: 0.0000, pathway_floor: 0.0000, c_snc_floor: 0.0000, gpe_floor: 0.0000, dead_area: 0.0000, dead_proj: 0.0000
step 8200, loss: 0.000433, sup_loss: 0.000433, acc: 0.9980, in_window: 0.7331, off_window: 0.2508, asym: 0.0000, rest_pka: 0.0000, pathway_floor: 0.0000, c_snc_floor: 0.0000, gpe_floor: 0.0000, dead_area: 0.0000, dead_proj: 0.0000
step 8400, loss: 0.000410, sup_loss: 0.000410, acc: 0.9981, in_window: 0.7365, off_window: 0.2510, asym: 0.0000, rest_pka: 0.0000, pathway_floor: 0.0000, c_snc_floor: 0.0000, gpe_floor: 0.0000, dead_area: 0.0000, dead_proj: 0.0000
step 8600, loss: 0.000423, sup_loss: 0.000423, acc: 0.9979, in_window: 0.7363, off_window: 0.2508, asym: 0.0000, rest_pka: 0.0000, pathway_floor: 0.0000, c_snc_floor: 0.0000, gpe_floor: 0.0000, dead_area: 0.0000, dead_proj: 0.0000
step 8800, loss: 0.000394, sup_loss: 0.000394, acc: 0.9982, in_window: 0.7347, off_window: 0.2507, asym: 0.0000, rest_pka: 0.0000, pathway_floor: 0.0000, c_snc_floor: 0.0000, gpe_floor: 0.0000, dead_area: 0.0000, dead_proj: 0.0000
step 9000, loss: 0.000398, sup_loss: 0.000398, acc: 0.9982, in_window: 0.7335, off_window: 0.2509, asym: 0.0000, rest_pka: 0.0000, pathway_floor: 0.0000, c_snc_floor: 0.0000, gpe_floor: 0.0000, dead_area: 0.0000, dead_proj: 0.0000
step 9200, loss: 0.000359, sup_loss: 0.000359, acc: 0.9985, in_window: 0.7352, off_window: 0.2509, asym: 0.0000, rest_pka: 0.0000, pathway_floor: 0.0000, c_snc_floor: 0.0000, gpe_floor: 0.0000, dead_area: 0.0000, dead_proj: 0.0000
step 9400, loss: 0.000560, sup_loss: 0.000560, acc: 0.9967, in_window: 0.7339, off_window: 0.2512, asym: 0.0000, rest_pka: 0.0000, pathway_floor: 0.0000, c_snc_floor: 0.0000, gpe_floor: 0.0000, dead_area: 0.0000, dead_proj: 0.0000
step 9600, loss: 0.000397, sup_loss: 0.000397, acc: 0.9982, in_window: 0.7365, off_window: 0.2509, asym: 0.0000, rest_pka: 0.0000, pathway_floor: 0.0000, c_snc_floor: 0.0000, gpe_floor: 0.0000, dead_area: 0.0000, dead_proj: 0.0000
step 9800, loss: 0.000387, sup_loss: 0.000387, acc: 0.9981, in_window: 0.7382, off_window: 0.2510, asym: 0.0000, rest_pka: 0.0000, pathway_floor: 0.0000, c_snc_floor: 0.0000, gpe_floor: 0.0000, dead_area: 0.0000, dead_proj: 0.0000
step 10000, loss: 0.000357, sup_loss: 0.000357, acc: 0.9984, in_window: 0.7368, off_window: 0.2507, asym: 0.0000, rest_pka: 0.0000, pathway_floor: 0.0000, c_snc_floor: 0.0000, gpe_floor: 0.0000, dead_area: 0.0000, dead_proj: 0.0000
Saved to: /home/dsvedberg/Documents/CodeVault/cbtModels/cbt_loop_noSCnoSTN/params_supervised_thal.pkl
Final logged loss: 0.000357
