[balanced_init] cortico-thalamic loop rho(M): 1.547 -> 1.107 (target 1.107, tau=7.0)
[freeze] init-state params frozen: 15 keys
[run] seed=42 iters=20000 in_window_weight=19.0 delay=300 hold=50 -> runs/nln_lo10_seed042
step 200, loss: 0.145339, sup_loss: 0.145339, acc: 0.5000, in_window: 0.2259, off_window: 0.2263, asym: 0.0000, rest_pka: 0.0000, pathway_floor: 0.0000, c_snc_floor: 0.0000, gpe_floor: 0.0000, dead_area: 0.0000, dead_proj: 0.0000
step 400, loss: 0.108591, sup_loss: 0.108591, acc: 0.4999, in_window: 0.3735, off_window: 0.3744, asym: 0.0000, rest_pka: 0.0000, pathway_floor: 0.0000, c_snc_floor: 0.0000, gpe_floor: 0.0000, dead_area: 0.0000, dead_proj: 0.0000
step 600, loss: 0.105803, sup_loss: 0.105803, acc: 0.4997, in_window: 0.4147, off_window: 0.4147, asym: 0.0000, rest_pka: 0.0000, pathway_floor: 0.0000, c_snc_floor: 0.0000, gpe_floor: 0.0000, dead_area: 0.0000, dead_proj: 0.0000
step 800, loss: 0.105787, sup_loss: 0.105787, acc: 0.4997, in_window: 0.4224, off_window: 0.4227, asym: 0.0000, rest_pka: 0.0000, pathway_floor: 0.0000, c_snc_floor: 0.0000, gpe_floor: 0.0000, dead_area: 0.0000, dead_proj: 0.0000
step 1000, loss: 0.105847, sup_loss: 0.105847, acc: 0.4998, in_window: 0.4236, off_window: 0.4241, asym: 0.0000, rest_pka: 0.0000, pathway_floor: 0.0000, c_snc_floor: 0.0000, gpe_floor: 0.0000, dead_area: 0.0000, dead_proj: 0.0000
step 1200, loss: 0.105622, sup_loss: 0.105622, acc: 0.4999, in_window: 0.4246, off_window: 0.4245, asym: 0.0000, rest_pka: 0.0000, pathway_floor: 0.0000, c_snc_floor: 0.0000, gpe_floor: 0.0000, dead_area: 0.0000, dead_proj: 0.0000
step 1400, loss: 0.105725, sup_loss: 0.105725, acc: 0.4999, in_window: 0.4245, off_window: 0.4247, asym: 0.0000, rest_pka: 0.0000, pathway_floor: 0.0000, c_snc_floor: 0.0000, gpe_floor: 0.0000, dead_area: 0.0000, dead_proj: 0.0000
step 1600, loss: 0.105678, sup_loss: 0.105678, acc: 0.4999, in_window: 0.4246, off_window: 0.4247, asym: 0.0000, rest_pka: 0.0000, pathway_floor: 0.0000, c_snc_floor: 0.0000, gpe_floor: 0.0000, dead_area: 0.0000, dead_proj: 0.0000
step 1800, loss: 0.105657, sup_loss: 0.105657, acc: 0.4999, in_window: 0.4249, off_window: 0.4249, asym: 0.0000, rest_pka: 0.0000, pathway_floor: 0.0000, c_snc_floor: 0.0000, gpe_floor: 0.0000, dead_area: 0.0000, dead_proj: 0.0000
step 2000, loss: 0.105646, sup_loss: 0.105646, acc: 0.5000, in_window: 0.4249, off_window: 0.4249, asym: 0.0000, rest_pka: 0.0000, pathway_floor: 0.0000, c_snc_floor: 0.0000, gpe_floor: 0.0000, dead_area: 0.0000, dead_proj: 0.0000
step 2200, loss: 0.105570, sup_loss: 0.105570, acc: 0.5000, in_window: 0.4251, off_window: 0.4249, asym: 0.0000, rest_pka: 0.0000, pathway_floor: 0.0000, c_snc_floor: 0.0000, gpe_floor: 0.0000, dead_area: 0.0000, dead_proj: 0.0000
step 2400, loss: 0.105595, sup_loss: 0.105595, acc: 0.5000, in_window: 0.4250, off_window: 0.4248, asym: 0.0000, rest_pka: 0.0000, pathway_floor: 0.0000, c_snc_floor: 0.0000, gpe_floor: 0.0000, dead_area: 0.0000, dead_proj: 0.0000
step 2600, loss: 0.105650, sup_loss: 0.105650, acc: 0.5000, in_window: 0.4249, off_window: 0.4249, asym: 0.0000, rest_pka: 0.0000, pathway_floor: 0.0000, c_snc_floor: 0.0000, gpe_floor: 0.0000, dead_area: 0.0000, dead_proj: 0.0000
step 2800, loss: 0.105595, sup_loss: 0.105595, acc: 0.5000, in_window: 0.4251, off_window: 0.4250, asym: 0.0000, rest_pka: 0.0000, pathway_floor: 0.0000, c_snc_floor: 0.0000, gpe_floor: 0.0000, dead_area: 0.0000, dead_proj: 0.0000
step 3000, loss: 0.105560, sup_loss: 0.105560, acc: 0.5000, in_window: 0.4252, off_window: 0.4249, asym: 0.0000, rest_pka: 0.0000, pathway_floor: 0.0000, c_snc_floor: 0.0000, gpe_floor: 0.0000, dead_area: 0.0000, dead_proj: 0.0000
step 3200, loss: 0.105498, sup_loss: 0.105498, acc: 0.5000, in_window: 0.4254, off_window: 0.4249, asym: 0.0000, rest_pka: 0.0000, pathway_floor: 0.0000, c_snc_floor: 0.0000, gpe_floor: 0.0000, dead_area: 0.0000, dead_proj: 0.0000
step 3400, loss: 0.105541, sup_loss: 0.105541, acc: 0.5000, in_window: 0.4254, off_window: 0.4250, asym: 0.0000, rest_pka: 0.0000, pathway_floor: 0.0000, c_snc_floor: 0.0000, gpe_floor: 0.0000, dead_area: 0.0000, dead_proj: 0.0000
step 3600, loss: 0.105665, sup_loss: 0.105665, acc: 0.5000, in_window: 0.4249, off_window: 0.4249, asym: 0.0000, rest_pka: 0.0000, pathway_floor: 0.0000, c_snc_floor: 0.0000, gpe_floor: 0.0000, dead_area: 0.0000, dead_proj: 0.0000
step 3800, loss: 0.105701, sup_loss: 0.105701, acc: 0.5000, in_window: 0.4248, off_window: 0.4249, asym: 0.0000, rest_pka: 0.0000, pathway_floor: 0.0000, c_snc_floor: 0.0000, gpe_floor: 0.0000, dead_area: 0.0000, dead_proj: 0.0000
step 4000, loss: 0.105624, sup_loss: 0.105624, acc: 0.5000, in_window: 0.4252, off_window: 0.4250, asym: 0.0000, rest_pka: 0.0000, pathway_floor: 0.0000, c_snc_floor: 0.0000, gpe_floor: 0.0000, dead_area: 0.0000, dead_proj: 0.0000
step 4200, loss: 0.105571, sup_loss: 0.105571, acc: 0.5000, in_window: 0.4254, off_window: 0.4251, asym: 0.0000, rest_pka: 0.0000, pathway_floor: 0.0000, c_snc_floor: 0.0000, gpe_floor: 0.0000, dead_area: 0.0000, dead_proj: 0.0000
step 4400, loss: 0.105515, sup_loss: 0.105515, acc: 0.5000, in_window: 0.4254, off_window: 0.4247, asym: 0.0000, rest_pka: 0.0000, pathway_floor: 0.0000, c_snc_floor: 0.0000, gpe_floor: 0.0000, dead_area: 0.0000, dead_proj: 0.0000
step 4600, loss: 0.093430, sup_loss: 0.093430, acc: 0.4972, in_window: 0.4397, off_window: 0.3664, asym: 0.0000, rest_pka: 0.0000, pathway_floor: 0.0000, c_snc_floor: 0.0000, gpe_floor: 0.0000, dead_area: 0.0000, dead_proj: 0.0000
step 4800, loss: 0.074810, sup_loss: 0.074810, acc: 0.5543, in_window: 0.4843, off_window: 0.3106, asym: 0.0000, rest_pka: 0.0000, pathway_floor: 0.0000, c_snc_floor: 0.0000, gpe_floor: 0.0000, dead_area: 0.0000, dead_proj: 0.0000
step 5000, loss: 0.073446, sup_loss: 0.073446, acc: 0.7125, in_window: 0.5142, off_window: 0.3196, asym: 0.0000, rest_pka: 0.0000, pathway_floor: 0.0000, c_snc_floor: 0.0000, gpe_floor: 0.0000, dead_area: 0.0000, dead_proj: 0.0000
step 5200, loss: 0.072375, sup_loss: 0.072375, acc: 0.7242, in_window: 0.5193, off_window: 0.3228, asym: 0.0000, rest_pka: 0.0000, pathway_floor: 0.0000, c_snc_floor: 0.0000, gpe_floor: 0.0000, dead_area: 0.0000, dead_proj: 0.0000
step 5400, loss: 0.073836, sup_loss: 0.073836, acc: 0.7481, in_window: 0.5469, off_window: 0.3380, asym: 0.0000, rest_pka: 0.0000, pathway_floor: 0.0000, c_snc_floor: 0.0000, gpe_floor: 0.0000, dead_area: 0.0000, dead_proj: 0.0000
step 5600, loss: 0.069661, sup_loss: 0.069661, acc: 0.7476, in_window: 0.5334, off_window: 0.3194, asym: 0.0000, rest_pka: 0.0000, pathway_floor: 0.0000, c_snc_floor: 0.0000, gpe_floor: 0.0000, dead_area: 0.0000, dead_proj: 0.0000
step 5800, loss: 0.070095, sup_loss: 0.070095, acc: 0.7549, in_window: 0.5454, off_window: 0.3261, asym: 0.0000, rest_pka: 0.0000, pathway_floor: 0.0000, c_snc_floor: 0.0000, gpe_floor: 0.0000, dead_area: 0.0000, dead_proj: 0.0000
step 6000, loss: 0.069542, sup_loss: 0.069542, acc: 0.7615, in_window: 0.5580, off_window: 0.3323, asym: 0.0000, rest_pka: 0.0000, pathway_floor: 0.0000, c_snc_floor: 0.0000, gpe_floor: 0.0000, dead_area: 0.0000, dead_proj: 0.0000
step 6200, loss: 0.063137, sup_loss: 0.063137, acc: 0.7456, in_window: 0.5269, off_window: 0.2790, asym: 0.0000, rest_pka: 0.0000, pathway_floor: 0.0000, c_snc_floor: 0.0000, gpe_floor: 0.0000, dead_area: 0.0000, dead_proj: 0.0000
step 6400, loss: 0.065380, sup_loss: 0.065380, acc: 0.7434, in_window: 0.5464, off_window: 0.2967, asym: 0.0000, rest_pka: 0.0000, pathway_floor: 0.0000, c_snc_floor: 0.0000, gpe_floor: 0.0000, dead_area: 0.0000, dead_proj: 0.0000
step 6600, loss: 0.060921, sup_loss: 0.060921, acc: 0.7541, in_window: 0.5512, off_window: 0.2860, asym: 0.0000, rest_pka: 0.0000, pathway_floor: 0.0000, c_snc_floor: 0.0000, gpe_floor: 0.0000, dead_area: 0.0000, dead_proj: 0.0000
step 6800, loss: 0.059918, sup_loss: 0.059918, acc: 0.7753, in_window: 0.5660, off_window: 0.2909, asym: 0.0000, rest_pka: 0.0000, pathway_floor: 0.0000, c_snc_floor: 0.0000, gpe_floor: 0.0000, dead_area: 0.0000, dead_proj: 0.0000
step 7000, loss: 0.062315, sup_loss: 0.062315, acc: 0.7386, in_window: 0.5149, off_window: 0.2580, asym: 0.0000, rest_pka: 0.0000, pathway_floor: 0.0000, c_snc_floor: 0.0000, gpe_floor: 0.0000, dead_area: 0.0000, dead_proj: 0.0000
step 7200, loss: 0.063008, sup_loss: 0.063008, acc: 0.7373, in_window: 0.5355, off_window: 0.2718, asym: 0.0000, rest_pka: 0.0000, pathway_floor: 0.0000, c_snc_floor: 0.0000, gpe_floor: 0.0000, dead_area: 0.0000, dead_proj: 0.0000
step 7400, loss: 0.062162, sup_loss: 0.062162, acc: 0.7592, in_window: 0.5359, off_window: 0.2667, asym: 0.0000, rest_pka: 0.0000, pathway_floor: 0.0000, c_snc_floor: 0.0000, gpe_floor: 0.0000, dead_area: 0.0000, dead_proj: 0.0000
step 7600, loss: 0.029823, sup_loss: 0.029823, acc: 0.9126, in_window: 0.6293, off_window: 0.1863, asym: 0.0000, rest_pka: 0.0000, pathway_floor: 0.0000, c_snc_floor: 0.0000, gpe_floor: 0.0000, dead_area: 0.0000, dead_proj: 0.0000
step 7800, loss: 0.020861, sup_loss: 0.020861, acc: 0.9367, in_window: 0.6858, off_window: 0.1669, asym: 0.0000, rest_pka: 0.0000, pathway_floor: 0.0000, c_snc_floor: 0.0000, gpe_floor: 0.0000, dead_area: 0.0000, dead_proj: 0.0000
step 8000, loss: 0.021002, sup_loss: 0.021002, acc: 0.9427, in_window: 0.7112, off_window: 0.1775, asym: 0.0000, rest_pka: 0.0000, pathway_floor: 0.0000, c_snc_floor: 0.0000, gpe_floor: 0.0000, dead_area: 0.0000, dead_proj: 0.0000
step 8200, loss: 0.019997, sup_loss: 0.019997, acc: 0.9380, in_window: 0.6801, off_window: 0.1520, asym: 0.0000, rest_pka: 0.0000, pathway_floor: 0.0000, c_snc_floor: 0.0000, gpe_floor: 0.0000, dead_area: 0.0000, dead_proj: 0.0000
step 8400, loss: 0.015288, sup_loss: 0.015288, acc: 0.9587, in_window: 0.6952, off_window: 0.1491, asym: 0.0000, rest_pka: 0.0000, pathway_floor: 0.0000, c_snc_floor: 0.0000, gpe_floor: 0.0000, dead_area: 0.0000, dead_proj: 0.0000
step 8600, loss: 0.013560, sup_loss: 0.013560, acc: 0.9596, in_window: 0.7009, off_window: 0.1410, asym: 0.0000, rest_pka: 0.0000, pathway_floor: 0.0000, c_snc_floor: 0.0000, gpe_floor: 0.0000, dead_area: 0.0000, dead_proj: 0.0000
step 8800, loss: 0.013779, sup_loss: 0.013779, acc: 0.9626, in_window: 0.7087, off_window: 0.1442, asym: 0.0000, rest_pka: 0.0000, pathway_floor: 0.0000, c_snc_floor: 0.0000, gpe_floor: 0.0000, dead_area: 0.0000, dead_proj: 0.0000
step 9000, loss: 0.013981, sup_loss: 0.013981, acc: 0.9550, in_window: 0.7065, off_window: 0.1400, asym: 0.0000, rest_pka: 0.0000, pathway_floor: 0.0000, c_snc_floor: 0.0000, gpe_floor: 0.0000, dead_area: 0.0000, dead_proj: 0.0000
step 9200, loss: 0.011784, sup_loss: 0.011784, acc: 0.9640, in_window: 0.7191, off_window: 0.1375, asym: 0.0000, rest_pka: 0.0000, pathway_floor: 0.0000, c_snc_floor: 0.0000, gpe_floor: 0.0000, dead_area: 0.0000, dead_proj: 0.0000
step 9400, loss: 0.011453, sup_loss: 0.011453, acc: 0.9647, in_window: 0.7071, off_window: 0.1284, asym: 0.0000, rest_pka: 0.0000, pathway_floor: 0.0000, c_snc_floor: 0.0000, gpe_floor: 0.0000, dead_area: 0.0000, dead_proj: 0.0000
step 9600, loss: 0.009737, sup_loss: 0.009737, acc: 0.9698, in_window: 0.7086, off_window: 0.1297, asym: 0.0000, rest_pka: 0.0000, pathway_floor: 0.0000, c_snc_floor: 0.0000, gpe_floor: 0.0000, dead_area: 0.0000, dead_proj: 0.0000
step 9800, loss: 0.020816, sup_loss: 0.020816, acc: 0.9358, in_window: 0.7009, off_window: 0.1660, asym: 0.0000, rest_pka: 0.0000, pathway_floor: 0.0000, c_snc_floor: 0.0000, gpe_floor: 0.0000, dead_area: 0.0000, dead_proj: 0.0000
step 10000, loss: 0.010312, sup_loss: 0.010312, acc: 0.9661, in_window: 0.7067, off_window: 0.1285, asym: 0.0000, rest_pka: 0.0000, pathway_floor: 0.0000, c_snc_floor: 0.0000, gpe_floor: 0.0000, dead_area: 0.0000, dead_proj: 0.0000
step 10200, loss: 0.008549, sup_loss: 0.008549, acc: 0.9746, in_window: 0.7268, off_window: 0.1278, asym: 0.0000, rest_pka: 0.0000, pathway_floor: 0.0000, c_snc_floor: 0.0000, gpe_floor: 0.0000, dead_area: 0.0000, dead_proj: 0.0000
step 10400, loss: 0.011384, sup_loss: 0.011384, acc: 0.9641, in_window: 0.7176, off_window: 0.1341, asym: 0.0000, rest_pka: 0.0000, pathway_floor: 0.0000, c_snc_floor: 0.0000, gpe_floor: 0.0000, dead_area: 0.0000, dead_proj: 0.0000
step 10600, loss: 0.013515, sup_loss: 0.013515, acc: 0.9609, in_window: 0.7246, off_window: 0.1441, asym: 0.0000, rest_pka: 0.0000, pathway_floor: 0.0000, c_snc_floor: 0.0000, gpe_floor: 0.0000, dead_area: 0.0000, dead_proj: 0.0000
step 10800, loss: 0.008355, sup_loss: 0.008355, acc: 0.9746, in_window: 0.7261, off_window: 0.1255, asym: 0.0000, rest_pka: 0.0000, pathway_floor: 0.0000, c_snc_floor: 0.0000, gpe_floor: 0.0000, dead_area: 0.0000, dead_proj: 0.0000
step 11000, loss: 0.008039, sup_loss: 0.008039, acc: 0.9773, in_window: 0.7410, off_window: 0.1289, asym: 0.0000, rest_pka: 0.0000, pathway_floor: 0.0000, c_snc_floor: 0.0000, gpe_floor: 0.0000, dead_area: 0.0000, dead_proj: 0.0000
step 11200, loss: 0.008480, sup_loss: 0.008480, acc: 0.9740, in_window: 0.7193, off_window: 0.1293, asym: 0.0000, rest_pka: 0.0000, pathway_floor: 0.0000, c_snc_floor: 0.0000, gpe_floor: 0.0000, dead_area: 0.0000, dead_proj: 0.0000
step 11400, loss: 0.008412, sup_loss: 0.008412, acc: 0.9741, in_window: 0.7239, off_window: 0.1252, asym: 0.0000, rest_pka: 0.0000, pathway_floor: 0.0000, c_snc_floor: 0.0000, gpe_floor: 0.0000, dead_area: 0.0000, dead_proj: 0.0000
step 11600, loss: 0.009238, sup_loss: 0.009238, acc: 0.9706, in_window: 0.7090, off_window: 0.1204, asym: 0.0000, rest_pka: 0.0000, pathway_floor: 0.0000, c_snc_floor: 0.0000, gpe_floor: 0.0000, dead_area: 0.0000, dead_proj: 0.0000
step 11800, loss: 0.007007, sup_loss: 0.007007, acc: 0.9804, in_window: 0.7299, off_window: 0.1246, asym: 0.0000, rest_pka: 0.0000, pathway_floor: 0.0000, c_snc_floor: 0.0000, gpe_floor: 0.0000, dead_area: 0.0000, dead_proj: 0.0000
step 12000, loss: 0.008472, sup_loss: 0.008472, acc: 0.9779, in_window: 0.7553, off_window: 0.1361, asym: 0.0000, rest_pka: 0.0000, pathway_floor: 0.0000, c_snc_floor: 0.0000, gpe_floor: 0.0000, dead_area: 0.0000, dead_proj: 0.0000
step 12200, loss: 0.008062, sup_loss: 0.008062, acc: 0.9759, in_window: 0.7364, off_window: 0.1288, asym: 0.0000, rest_pka: 0.0000, pathway_floor: 0.0000, c_snc_floor: 0.0000, gpe_floor: 0.0000, dead_area: 0.0000, dead_proj: 0.0000
step 12400, loss: 0.007300, sup_loss: 0.007300, acc: 0.9800, in_window: 0.7234, off_window: 0.1209, asym: 0.0000, rest_pka: 0.0000, pathway_floor: 0.0000, c_snc_floor: 0.0000, gpe_floor: 0.0000, dead_area: 0.0000, dead_proj: 0.0000
step 12600, loss: 0.010789, sup_loss: 0.010789, acc: 0.9646, in_window: 0.7096, off_window: 0.1410, asym: 0.0000, rest_pka: 0.0000, pathway_floor: 0.0000, c_snc_floor: 0.0000, gpe_floor: 0.0000, dead_area: 0.0000, dead_proj: 0.0000
step 12800, loss: 0.007084, sup_loss: 0.007084, acc: 0.9780, in_window: 0.7131, off_window: 0.1186, asym: 0.0000, rest_pka: 0.0000, pathway_floor: 0.0000, c_snc_floor: 0.0000, gpe_floor: 0.0000, dead_area: 0.0000, dead_proj: 0.0000
step 13000, loss: 0.007220, sup_loss: 0.007220, acc: 0.9766, in_window: 0.7247, off_window: 0.1207, asym: 0.0000, rest_pka: 0.0000, pathway_floor: 0.0000, c_snc_floor: 0.0000, gpe_floor: 0.0000, dead_area: 0.0000, dead_proj: 0.0000
step 13200, loss: 0.008744, sup_loss: 0.008744, acc: 0.9737, in_window: 0.7269, off_window: 0.1226, asym: 0.0000, rest_pka: 0.0000, pathway_floor: 0.0000, c_snc_floor: 0.0000, gpe_floor: 0.0000, dead_area: 0.0000, dead_proj: 0.0000
step 13400, loss: 0.007158, sup_loss: 0.007158, acc: 0.9770, in_window: 0.7227, off_window: 0.1191, asym: 0.0000, rest_pka: 0.0000, pathway_floor: 0.0000, c_snc_floor: 0.0000, gpe_floor: 0.0000, dead_area: 0.0000, dead_proj: 0.0000
step 13600, loss: 0.006773, sup_loss: 0.006773, acc: 0.9796, in_window: 0.7231, off_window: 0.1211, asym: 0.0000, rest_pka: 0.0000, pathway_floor: 0.0000, c_snc_floor: 0.0000, gpe_floor: 0.0000, dead_area: 0.0000, dead_proj: 0.0000
step 13800, loss: 0.006629, sup_loss: 0.006629, acc: 0.9801, in_window: 0.7345, off_window: 0.1225, asym: 0.0000, rest_pka: 0.0000, pathway_floor: 0.0000, c_snc_floor: 0.0000, gpe_floor: 0.0000, dead_area: 0.0000, dead_proj: 0.0000
step 14000, loss: 0.007995, sup_loss: 0.007995, acc: 0.9794, in_window: 0.7362, off_window: 0.1218, asym: 0.0000, rest_pka: 0.0000, pathway_floor: 0.0000, c_snc_floor: 0.0000, gpe_floor: 0.0000, dead_area: 0.0000, dead_proj: 0.0000
step 14200, loss: 0.006407, sup_loss: 0.006407, acc: 0.9823, in_window: 0.7323, off_window: 0.1264, asym: 0.0000, rest_pka: 0.0000, pathway_floor: 0.0000, c_snc_floor: 0.0000, gpe_floor: 0.0000, dead_area: 0.0000, dead_proj: 0.0000
step 14400, loss: 0.005806, sup_loss: 0.005806, acc: 0.9833, in_window: 0.7334, off_window: 0.1185, asym: 0.0000, rest_pka: 0.0000, pathway_floor: 0.0000, c_snc_floor: 0.0000, gpe_floor: 0.0000, dead_area: 0.0000, dead_proj: 0.0000
step 14600, loss: 0.007761, sup_loss: 0.007761, acc: 0.9787, in_window: 0.7282, off_window: 0.1193, asym: 0.0000, rest_pka: 0.0000, pathway_floor: 0.0000, c_snc_floor: 0.0000, gpe_floor: 0.0000, dead_area: 0.0000, dead_proj: 0.0000
step 14800, loss: 0.006083, sup_loss: 0.006083, acc: 0.9825, in_window: 0.7259, off_window: 0.1168, asym: 0.0000, rest_pka: 0.0000, pathway_floor: 0.0000, c_snc_floor: 0.0000, gpe_floor: 0.0000, dead_area: 0.0000, dead_proj: 0.0000
step 15000, loss: 0.005625, sup_loss: 0.005625, acc: 0.9850, in_window: 0.7407, off_window: 0.1209, asym: 0.0000, rest_pka: 0.0000, pathway_floor: 0.0000, c_snc_floor: 0.0000, gpe_floor: 0.0000, dead_area: 0.0000, dead_proj: 0.0000
step 15200, loss: 0.005178, sup_loss: 0.005178, acc: 0.9856, in_window: 0.7396, off_window: 0.1192, asym: 0.0000, rest_pka: 0.0000, pathway_floor: 0.0000, c_snc_floor: 0.0000, gpe_floor: 0.0000, dead_area: 0.0000, dead_proj: 0.0000
step 15400, loss: 0.005569, sup_loss: 0.005569, acc: 0.9820, in_window: 0.7284, off_window: 0.1157, asym: 0.0000, rest_pka: 0.0000, pathway_floor: 0.0000, c_snc_floor: 0.0000, gpe_floor: 0.0000, dead_area: 0.0000, dead_proj: 0.0000
step 15600, loss: 0.005410, sup_loss: 0.005410, acc: 0.9842, in_window: 0.7335, off_window: 0.1179, asym: 0.0000, rest_pka: 0.0000, pathway_floor: 0.0000, c_snc_floor: 0.0000, gpe_floor: 0.0000, dead_area: 0.0000, dead_proj: 0.0000
step 15800, loss: 0.005333, sup_loss: 0.005333, acc: 0.9825, in_window: 0.7309, off_window: 0.1162, asym: 0.0000, rest_pka: 0.0000, pathway_floor: 0.0000, c_snc_floor: 0.0000, gpe_floor: 0.0000, dead_area: 0.0000, dead_proj: 0.0000
step 16000, loss: 0.005159, sup_loss: 0.005159, acc: 0.9857, in_window: 0.7461, off_window: 0.1195, asym: 0.0000, rest_pka: 0.0000, pathway_floor: 0.0000, c_snc_floor: 0.0000, gpe_floor: 0.0000, dead_area: 0.0000, dead_proj: 0.0000
step 16200, loss: 0.005214, sup_loss: 0.005214, acc: 0.9851, in_window: 0.7383, off_window: 0.1179, asym: 0.0000, rest_pka: 0.0000, pathway_floor: 0.0000, c_snc_floor: 0.0000, gpe_floor: 0.0000, dead_area: 0.0000, dead_proj: 0.0000
step 16400, loss: 0.005855, sup_loss: 0.005855, acc: 0.9809, in_window: 0.7314, off_window: 0.1157, asym: 0.0000, rest_pka: 0.0000, pathway_floor: 0.0000, c_snc_floor: 0.0000, gpe_floor: 0.0000, dead_area: 0.0000, dead_proj: 0.0000
step 16600, loss: 0.005159, sup_loss: 0.005159, acc: 0.9844, in_window: 0.7404, off_window: 0.1166, asym: 0.0000, rest_pka: 0.0000, pathway_floor: 0.0000, c_snc_floor: 0.0000, gpe_floor: 0.0000, dead_area: 0.0000, dead_proj: 0.0000
step 16800, loss: 0.004666, sup_loss: 0.004666, acc: 0.9869, in_window: 0.7420, off_window: 0.1161, asym: 0.0000, rest_pka: 0.0000, pathway_floor: 0.0000, c_snc_floor: 0.0000, gpe_floor: 0.0000, dead_area: 0.0000, dead_proj: 0.0000
step 17000, loss: 0.005855, sup_loss: 0.005855, acc: 0.9813, in_window: 0.7277, off_window: 0.1161, asym: 0.0000, rest_pka: 0.0000, pathway_floor: 0.0000, c_snc_floor: 0.0000, gpe_floor: 0.0000, dead_area: 0.0000, dead_proj: 0.0000
step 17200, loss: 0.005620, sup_loss: 0.005620, acc: 0.9843, in_window: 0.7477, off_window: 0.1203, asym: 0.0000, rest_pka: 0.0000, pathway_floor: 0.0000, c_snc_floor: 0.0000, gpe_floor: 0.0000, dead_area: 0.0000, dead_proj: 0.0000
step 17400, loss: 0.004600, sup_loss: 0.004600, acc: 0.9866, in_window: 0.7399, off_window: 0.1156, asym: 0.0000, rest_pka: 0.0000, pathway_floor: 0.0000, c_snc_floor: 0.0000, gpe_floor: 0.0000, dead_area: 0.0000, dead_proj: 0.0000
step 17600, loss: 0.004416, sup_loss: 0.004416, acc: 0.9873, in_window: 0.7389, off_window: 0.1147, asym: 0.0000, rest_pka: 0.0000, pathway_floor: 0.0000, c_snc_floor: 0.0000, gpe_floor: 0.0000, dead_area: 0.0000, dead_proj: 0.0000
step 17800, loss: 0.017720, sup_loss: 0.017720, acc: 0.9453, in_window: 0.6893, off_window: 0.1497, asym: 0.0000, rest_pka: 0.0000, pathway_floor: 0.0000, c_snc_floor: 0.0000, gpe_floor: 0.0000, dead_area: 0.0000, dead_proj: 0.0000
step 18000, loss: 0.005014, sup_loss: 0.005014, acc: 0.9845, in_window: 0.7371, off_window: 0.1150, asym: 0.0000, rest_pka: 0.0000, pathway_floor: 0.0000, c_snc_floor: 0.0000, gpe_floor: 0.0000, dead_area: 0.0000, dead_proj: 0.0000
step 18200, loss: 0.004662, sup_loss: 0.004662, acc: 0.9861, in_window: 0.7371, off_window: 0.1150, asym: 0.0000, rest_pka: 0.0000, pathway_floor: 0.0000, c_snc_floor: 0.0000, gpe_floor: 0.0000, dead_area: 0.0000, dead_proj: 0.0000
step 18400, loss: 0.004825, sup_loss: 0.004825, acc: 0.9840, in_window: 0.7344, off_window: 0.1139, asym: 0.0000, rest_pka: 0.0000, pathway_floor: 0.0000, c_snc_floor: 0.0000, gpe_floor: 0.0000, dead_area: 0.0000, dead_proj: 0.0000
step 18600, loss: 0.004583, sup_loss: 0.004583, acc: 0.9857, in_window: 0.7351, off_window: 0.1135, asym: 0.0000, rest_pka: 0.0000, pathway_floor: 0.0000, c_snc_floor: 0.0000, gpe_floor: 0.0000, dead_area: 0.0000, dead_proj: 0.0000
step 18800, loss: 0.004318, sup_loss: 0.004318, acc: 0.9872, in_window: 0.7339, off_window: 0.1133, asym: 0.0000, rest_pka: 0.0000, pathway_floor: 0.0000, c_snc_floor: 0.0000, gpe_floor: 0.0000, dead_area: 0.0000, dead_proj: 0.0000
step 19000, loss: 0.004379, sup_loss: 0.004379, acc: 0.9874, in_window: 0.7366, off_window: 0.1142, asym: 0.0000, rest_pka: 0.0000, pathway_floor: 0.0000, c_snc_floor: 0.0000, gpe_floor: 0.0000, dead_area: 0.0000, dead_proj: 0.0000
step 19200, loss: 0.004084, sup_loss: 0.004084, acc: 0.9874, in_window: 0.7356, off_window: 0.1123, asym: 0.0000, rest_pka: 0.0000, pathway_floor: 0.0000, c_snc_floor: 0.0000, gpe_floor: 0.0000, dead_area: 0.0000, dead_proj: 0.0000
step 19400, loss: 0.004120, sup_loss: 0.004120, acc: 0.9884, in_window: 0.7406, off_window: 0.1132, asym: 0.0000, rest_pka: 0.0000, pathway_floor: 0.0000, c_snc_floor: 0.0000, gpe_floor: 0.0000, dead_area: 0.0000, dead_proj: 0.0000
step 19600, loss: 0.004171, sup_loss: 0.004171, acc: 0.9878, in_window: 0.7356, off_window: 0.1123, asym: 0.0000, rest_pka: 0.0000, pathway_floor: 0.0000, c_snc_floor: 0.0000, gpe_floor: 0.0000, dead_area: 0.0000, dead_proj: 0.0000
step 19800, loss: 0.004047, sup_loss: 0.004047, acc: 0.9883, in_window: 0.7343, off_window: 0.1117, asym: 0.0000, rest_pka: 0.0000, pathway_floor: 0.0000, c_snc_floor: 0.0000, gpe_floor: 0.0000, dead_area: 0.0000, dead_proj: 0.0000
step 20000, loss: 0.004150, sup_loss: 0.004150, acc: 0.9878, in_window: 0.7343, off_window: 0.1120, asym: 0.0000, rest_pka: 0.0000, pathway_floor: 0.0000, c_snc_floor: 0.0000, gpe_floor: 0.0000, dead_area: 0.0000, dead_proj: 0.0000
[run] seed=42 DONE sep=0.6213 mse=0.005296 offset=292.57142857142856 -> runs/nln_lo10_seed042
