[balanced_init] cortico-thalamic loop rho(M): 1.547 -> 1.107 (target 1.107, tau=7.0)
[freeze] init-state params frozen: 15 keys
[run] seed=42 iters=40000 in_window_weight=19.0 delay=300 hold=50 -> runs/nln_lo10_seed042_40k
step 200, loss: 0.137080, sup_loss: 0.137080, acc: 0.5000, in_window: 0.2485, off_window: 0.2501, asym: 0.0000, rest_pka: 0.0000, pathway_floor: 0.0000, c_snc_floor: 0.0000, gpe_floor: 0.0000, dead_area: 0.0000, dead_proj: 0.0000
step 400, loss: 0.107692, sup_loss: 0.107692, acc: 0.4992, in_window: 0.3876, off_window: 0.3889, asym: 0.0000, rest_pka: 0.0000, pathway_floor: 0.0000, c_snc_floor: 0.0000, gpe_floor: 0.0000, dead_area: 0.0000, dead_proj: 0.0000
step 600, loss: 0.105770, sup_loss: 0.105770, acc: 0.4995, in_window: 0.4175, off_window: 0.4168, asym: 0.0000, rest_pka: 0.0000, pathway_floor: 0.0000, c_snc_floor: 0.0000, gpe_floor: 0.0000, dead_area: 0.0000, dead_proj: 0.0000
step 800, loss: 0.105833, sup_loss: 0.105833, acc: 0.4996, in_window: 0.4225, off_window: 0.4224, asym: 0.0000, rest_pka: 0.0000, pathway_floor: 0.0000, c_snc_floor: 0.0000, gpe_floor: 0.0000, dead_area: 0.0000, dead_proj: 0.0000
step 1000, loss: 0.106032, sup_loss: 0.106032, acc: 0.4997, in_window: 0.4221, off_window: 0.4228, asym: 0.0000, rest_pka: 0.0000, pathway_floor: 0.0000, c_snc_floor: 0.0000, gpe_floor: 0.0000, dead_area: 0.0000, dead_proj: 0.0000
step 1200, loss: 0.105505, sup_loss: 0.105505, acc: 0.4999, in_window: 0.4244, off_window: 0.4235, asym: 0.0000, rest_pka: 0.0000, pathway_floor: 0.0000, c_snc_floor: 0.0000, gpe_floor: 0.0000, dead_area: 0.0000, dead_proj: 0.0000
step 1400, loss: 0.105806, sup_loss: 0.105806, acc: 0.4999, in_window: 0.4239, off_window: 0.4240, asym: 0.0000, rest_pka: 0.0000, pathway_floor: 0.0000, c_snc_floor: 0.0000, gpe_floor: 0.0000, dead_area: 0.0000, dead_proj: 0.0000
step 1600, loss: 0.105679, sup_loss: 0.105679, acc: 0.4999, in_window: 0.4248, off_window: 0.4246, asym: 0.0000, rest_pka: 0.0000, pathway_floor: 0.0000, c_snc_floor: 0.0000, gpe_floor: 0.0000, dead_area: 0.0000, dead_proj: 0.0000
step 1800, loss: 0.105652, sup_loss: 0.105652, acc: 0.4999, in_window: 0.4258, off_window: 0.4255, asym: 0.0000, rest_pka: 0.0000, pathway_floor: 0.0000, c_snc_floor: 0.0000, gpe_floor: 0.0000, dead_area: 0.0000, dead_proj: 0.0000
step 2000, loss: 0.101090, sup_loss: 0.101090, acc: 0.5071, in_window: 0.4668, off_window: 0.4464, asym: 0.0000, rest_pka: 0.0000, pathway_floor: 0.0000, c_snc_floor: 0.0000, gpe_floor: 0.0000, dead_area: 0.0000, dead_proj: 0.0000
step 2200, loss: 0.105445, sup_loss: 0.105445, acc: 0.5000, in_window: 0.4253, off_window: 0.4244, asym: 0.0000, rest_pka: 0.0000, pathway_floor: 0.0000, c_snc_floor: 0.0000, gpe_floor: 0.0000, dead_area: 0.0000, dead_proj: 0.0000
step 2400, loss: 0.105511, sup_loss: 0.105511, acc: 0.5000, in_window: 0.4251, off_window: 0.4244, asym: 0.0000, rest_pka: 0.0000, pathway_floor: 0.0000, c_snc_floor: 0.0000, gpe_floor: 0.0000, dead_area: 0.0000, dead_proj: 0.0000
step 2600, loss: 0.105638, sup_loss: 0.105638, acc: 0.5000, in_window: 0.4250, off_window: 0.4247, asym: 0.0000, rest_pka: 0.0000, pathway_floor: 0.0000, c_snc_floor: 0.0000, gpe_floor: 0.0000, dead_area: 0.0000, dead_proj: 0.0000
step 2800, loss: 0.105600, sup_loss: 0.105600, acc: 0.5000, in_window: 0.4253, off_window: 0.4249, asym: 0.0000, rest_pka: 0.0000, pathway_floor: 0.0000, c_snc_floor: 0.0000, gpe_floor: 0.0000, dead_area: 0.0000, dead_proj: 0.0000
step 3000, loss: 0.105316, sup_loss: 0.105316, acc: 0.5000, in_window: 0.4260, off_window: 0.4247, asym: 0.0000, rest_pka: 0.0000, pathway_floor: 0.0000, c_snc_floor: 0.0000, gpe_floor: 0.0000, dead_area: 0.0000, dead_proj: 0.0000
step 3200, loss: 0.105164, sup_loss: 0.105164, acc: 0.5000, in_window: 0.4263, off_window: 0.4246, asym: 0.0000, rest_pka: 0.0000, pathway_floor: 0.0000, c_snc_floor: 0.0000, gpe_floor: 0.0000, dead_area: 0.0000, dead_proj: 0.0000
step 3400, loss: 0.105180, sup_loss: 0.105180, acc: 0.5000, in_window: 0.4271, off_window: 0.4252, asym: 0.0000, rest_pka: 0.0000, pathway_floor: 0.0000, c_snc_floor: 0.0000, gpe_floor: 0.0000, dead_area: 0.0000, dead_proj: 0.0000
step 3600, loss: 0.093135, sup_loss: 0.093135, acc: 0.5013, in_window: 0.4619, off_window: 0.4091, asym: 0.0000, rest_pka: 0.0000, pathway_floor: 0.0000, c_snc_floor: 0.0000, gpe_floor: 0.0000, dead_area: 0.0000, dead_proj: 0.0000
step 3800, loss: 0.078904, sup_loss: 0.078904, acc: 0.5108, in_window: 0.4735, off_window: 0.3385, asym: 0.0000, rest_pka: 0.0000, pathway_floor: 0.0000, c_snc_floor: 0.0000, gpe_floor: 0.0000, dead_area: 0.0000, dead_proj: 0.0000
step 4000, loss: 0.073071, sup_loss: 0.073071, acc: 0.7347, in_window: 0.5204, off_window: 0.3267, asym: 0.0000, rest_pka: 0.0000, pathway_floor: 0.0000, c_snc_floor: 0.0000, gpe_floor: 0.0000, dead_area: 0.0000, dead_proj: 0.0000
step 4200, loss: 0.073442, sup_loss: 0.073442, acc: 0.7360, in_window: 0.5282, off_window: 0.3355, asym: 0.0000, rest_pka: 0.0000, pathway_floor: 0.0000, c_snc_floor: 0.0000, gpe_floor: 0.0000, dead_area: 0.0000, dead_proj: 0.0000
step 4400, loss: 0.069908, sup_loss: 0.069908, acc: 0.7387, in_window: 0.5202, off_window: 0.3088, asym: 0.0000, rest_pka: 0.0000, pathway_floor: 0.0000, c_snc_floor: 0.0000, gpe_floor: 0.0000, dead_area: 0.0000, dead_proj: 0.0000
step 4600, loss: 0.069311, sup_loss: 0.069311, acc: 0.7564, in_window: 0.5387, off_window: 0.3215, asym: 0.0000, rest_pka: 0.0000, pathway_floor: 0.0000, c_snc_floor: 0.0000, gpe_floor: 0.0000, dead_area: 0.0000, dead_proj: 0.0000
step 4800, loss: 0.068673, sup_loss: 0.068673, acc: 0.7563, in_window: 0.5399, off_window: 0.3104, asym: 0.0000, rest_pka: 0.0000, pathway_floor: 0.0000, c_snc_floor: 0.0000, gpe_floor: 0.0000, dead_area: 0.0000, dead_proj: 0.0000
step 5000, loss: 0.066647, sup_loss: 0.066647, acc: 0.7414, in_window: 0.5408, off_window: 0.3118, asym: 0.0000, rest_pka: 0.0000, pathway_floor: 0.0000, c_snc_floor: 0.0000, gpe_floor: 0.0000, dead_area: 0.0000, dead_proj: 0.0000
step 5200, loss: 0.062527, sup_loss: 0.062527, acc: 0.7961, in_window: 0.5907, off_window: 0.3064, asym: 0.0000, rest_pka: 0.0000, pathway_floor: 0.0000, c_snc_floor: 0.0000, gpe_floor: 0.0000, dead_area: 0.0000, dead_proj: 0.0000
step 5400, loss: 0.050213, sup_loss: 0.050213, acc: 0.8433, in_window: 0.5824, off_window: 0.2691, asym: 0.0000, rest_pka: 0.0000, pathway_floor: 0.0000, c_snc_floor: 0.0000, gpe_floor: 0.0000, dead_area: 0.0000, dead_proj: 0.0000
step 5600, loss: 0.060346, sup_loss: 0.060346, acc: 0.8134, in_window: 0.5805, off_window: 0.2791, asym: 0.0000, rest_pka: 0.0000, pathway_floor: 0.0000, c_snc_floor: 0.0000, gpe_floor: 0.0000, dead_area: 0.0000, dead_proj: 0.0000
step 5800, loss: 0.040049, sup_loss: 0.040049, acc: 0.8567, in_window: 0.6116, off_window: 0.2177, asym: 0.0000, rest_pka: 0.0000, pathway_floor: 0.0000, c_snc_floor: 0.0000, gpe_floor: 0.0000, dead_area: 0.0000, dead_proj: 0.0000
step 6000, loss: 0.048679, sup_loss: 0.048679, acc: 0.8508, in_window: 0.6337, off_window: 0.2454, asym: 0.0000, rest_pka: 0.0000, pathway_floor: 0.0000, c_snc_floor: 0.0000, gpe_floor: 0.0000, dead_area: 0.0000, dead_proj: 0.0000
step 6200, loss: 0.043161, sup_loss: 0.043161, acc: 0.8817, in_window: 0.6375, off_window: 0.2059, asym: 0.0000, rest_pka: 0.0000, pathway_floor: 0.0000, c_snc_floor: 0.0000, gpe_floor: 0.0000, dead_area: 0.0000, dead_proj: 0.0000
step 6400, loss: 0.030626, sup_loss: 0.030626, acc: 0.9145, in_window: 0.6628, off_window: 0.2050, asym: 0.0000, rest_pka: 0.0000, pathway_floor: 0.0000, c_snc_floor: 0.0000, gpe_floor: 0.0000, dead_area: 0.0000, dead_proj: 0.0000
step 6600, loss: 0.028757, sup_loss: 0.028757, acc: 0.9158, in_window: 0.6794, off_window: 0.1961, asym: 0.0000, rest_pka: 0.0000, pathway_floor: 0.0000, c_snc_floor: 0.0000, gpe_floor: 0.0000, dead_area: 0.0000, dead_proj: 0.0000
step 6800, loss: 0.028473, sup_loss: 0.028473, acc: 0.9195, in_window: 0.6635, off_window: 0.1927, asym: 0.0000, rest_pka: 0.0000, pathway_floor: 0.0000, c_snc_floor: 0.0000, gpe_floor: 0.0000, dead_area: 0.0000, dead_proj: 0.0000
step 7000, loss: 0.028106, sup_loss: 0.028106, acc: 0.9170, in_window: 0.6790, off_window: 0.1789, asym: 0.0000, rest_pka: 0.0000, pathway_floor: 0.0000, c_snc_floor: 0.0000, gpe_floor: 0.0000, dead_area: 0.0000, dead_proj: 0.0000
step 7200, loss: 0.025349, sup_loss: 0.025349, acc: 0.9211, in_window: 0.6696, off_window: 0.1724, asym: 0.0000, rest_pka: 0.0000, pathway_floor: 0.0000, c_snc_floor: 0.0000, gpe_floor: 0.0000, dead_area: 0.0000, dead_proj: 0.0000
step 7400, loss: 0.027012, sup_loss: 0.027012, acc: 0.9181, in_window: 0.6625, off_window: 0.1726, asym: 0.0000, rest_pka: 0.0000, pathway_floor: 0.0000, c_snc_floor: 0.0000, gpe_floor: 0.0000, dead_area: 0.0000, dead_proj: 0.0000
step 7600, loss: 0.025787, sup_loss: 0.025787, acc: 0.9209, in_window: 0.6851, off_window: 0.1706, asym: 0.0000, rest_pka: 0.0000, pathway_floor: 0.0000, c_snc_floor: 0.0000, gpe_floor: 0.0000, dead_area: 0.0000, dead_proj: 0.0000
step 7800, loss: 0.019138, sup_loss: 0.019138, acc: 0.9365, in_window: 0.6720, off_window: 0.1529, asym: 0.0000, rest_pka: 0.0000, pathway_floor: 0.0000, c_snc_floor: 0.0000, gpe_floor: 0.0000, dead_area: 0.0000, dead_proj: 0.0000
step 8000, loss: 0.023190, sup_loss: 0.023190, acc: 0.9224, in_window: 0.6580, off_window: 0.1525, asym: 0.0000, rest_pka: 0.0000, pathway_floor: 0.0000, c_snc_floor: 0.0000, gpe_floor: 0.0000, dead_area: 0.0000, dead_proj: 0.0000
step 8200, loss: 0.029636, sup_loss: 0.029636, acc: 0.9092, in_window: 0.6460, off_window: 0.1543, asym: 0.0000, rest_pka: 0.0000, pathway_floor: 0.0000, c_snc_floor: 0.0000, gpe_floor: 0.0000, dead_area: 0.0000, dead_proj: 0.0000
step 8400, loss: 0.019224, sup_loss: 0.019224, acc: 0.9366, in_window: 0.6775, off_window: 0.1527, asym: 0.0000, rest_pka: 0.0000, pathway_floor: 0.0000, c_snc_floor: 0.0000, gpe_floor: 0.0000, dead_area: 0.0000, dead_proj: 0.0000
step 8600, loss: 0.019112, sup_loss: 0.019112, acc: 0.9403, in_window: 0.6899, off_window: 0.1541, asym: 0.0000, rest_pka: 0.0000, pathway_floor: 0.0000, c_snc_floor: 0.0000, gpe_floor: 0.0000, dead_area: 0.0000, dead_proj: 0.0000
step 8800, loss: 0.019736, sup_loss: 0.019736, acc: 0.9356, in_window: 0.6889, off_window: 0.1507, asym: 0.0000, rest_pka: 0.0000, pathway_floor: 0.0000, c_snc_floor: 0.0000, gpe_floor: 0.0000, dead_area: 0.0000, dead_proj: 0.0000
step 9000, loss: 0.016119, sup_loss: 0.016119, acc: 0.9474, in_window: 0.6917, off_window: 0.1475, asym: 0.0000, rest_pka: 0.0000, pathway_floor: 0.0000, c_snc_floor: 0.0000, gpe_floor: 0.0000, dead_area: 0.0000, dead_proj: 0.0000
step 9200, loss: 0.015646, sup_loss: 0.015646, acc: 0.9518, in_window: 0.6988, off_window: 0.1497, asym: 0.0000, rest_pka: 0.0000, pathway_floor: 0.0000, c_snc_floor: 0.0000, gpe_floor: 0.0000, dead_area: 0.0000, dead_proj: 0.0000
step 9400, loss: 0.015992, sup_loss: 0.015992, acc: 0.9484, in_window: 0.7000, off_window: 0.1479, asym: 0.0000, rest_pka: 0.0000, pathway_floor: 0.0000, c_snc_floor: 0.0000, gpe_floor: 0.0000, dead_area: 0.0000, dead_proj: 0.0000
step 9600, loss: 0.016810, sup_loss: 0.016810, acc: 0.9437, in_window: 0.7006, off_window: 0.1470, asym: 0.0000, rest_pka: 0.0000, pathway_floor: 0.0000, c_snc_floor: 0.0000, gpe_floor: 0.0000, dead_area: 0.0000, dead_proj: 0.0000
step 9800, loss: 0.013606, sup_loss: 0.013606, acc: 0.9542, in_window: 0.6873, off_window: 0.1369, asym: 0.0000, rest_pka: 0.0000, pathway_floor: 0.0000, c_snc_floor: 0.0000, gpe_floor: 0.0000, dead_area: 0.0000, dead_proj: 0.0000
step 10000, loss: 0.014898, sup_loss: 0.014898, acc: 0.9549, in_window: 0.6998, off_window: 0.1476, asym: 0.0000, rest_pka: 0.0000, pathway_floor: 0.0000, c_snc_floor: 0.0000, gpe_floor: 0.0000, dead_area: 0.0000, dead_proj: 0.0000
step 10200, loss: 0.013259, sup_loss: 0.013259, acc: 0.9630, in_window: 0.7182, off_window: 0.1481, asym: 0.0000, rest_pka: 0.0000, pathway_floor: 0.0000, c_snc_floor: 0.0000, gpe_floor: 0.0000, dead_area: 0.0000, dead_proj: 0.0000
step 10400, loss: 0.013817, sup_loss: 0.013817, acc: 0.9530, in_window: 0.6915, off_window: 0.1365, asym: 0.0000, rest_pka: 0.0000, pathway_floor: 0.0000, c_snc_floor: 0.0000, gpe_floor: 0.0000, dead_area: 0.0000, dead_proj: 0.0000
step 10600, loss: 0.010924, sup_loss: 0.010924, acc: 0.9696, in_window: 0.7093, off_window: 0.1376, asym: 0.0000, rest_pka: 0.0000, pathway_floor: 0.0000, c_snc_floor: 0.0000, gpe_floor: 0.0000, dead_area: 0.0000, dead_proj: 0.0000
step 10800, loss: 0.017418, sup_loss: 0.017418, acc: 0.9505, in_window: 0.7171, off_window: 0.1527, asym: 0.0000, rest_pka: 0.0000, pathway_floor: 0.0000, c_snc_floor: 0.0000, gpe_floor: 0.0000, dead_area: 0.0000, dead_proj: 0.0000
step 11000, loss: 0.011547, sup_loss: 0.011547, acc: 0.9646, in_window: 0.7143, off_window: 0.1354, asym: 0.0000, rest_pka: 0.0000, pathway_floor: 0.0000, c_snc_floor: 0.0000, gpe_floor: 0.0000, dead_area: 0.0000, dead_proj: 0.0000
step 11200, loss: 0.014441, sup_loss: 0.014441, acc: 0.9535, in_window: 0.7107, off_window: 0.1401, asym: 0.0000, rest_pka: 0.0000, pathway_floor: 0.0000, c_snc_floor: 0.0000, gpe_floor: 0.0000, dead_area: 0.0000, dead_proj: 0.0000
step 11400, loss: 0.013427, sup_loss: 0.013427, acc: 0.9602, in_window: 0.7145, off_window: 0.1381, asym: 0.0000, rest_pka: 0.0000, pathway_floor: 0.0000, c_snc_floor: 0.0000, gpe_floor: 0.0000, dead_area: 0.0000, dead_proj: 0.0000
step 11600, loss: 0.012326, sup_loss: 0.012326, acc: 0.9613, in_window: 0.7072, off_window: 0.1360, asym: 0.0000, rest_pka: 0.0000, pathway_floor: 0.0000, c_snc_floor: 0.0000, gpe_floor: 0.0000, dead_area: 0.0000, dead_proj: 0.0000
step 11800, loss: 0.010779, sup_loss: 0.010779, acc: 0.9654, in_window: 0.7116, off_window: 0.1302, asym: 0.0000, rest_pka: 0.0000, pathway_floor: 0.0000, c_snc_floor: 0.0000, gpe_floor: 0.0000, dead_area: 0.0000, dead_proj: 0.0000
step 12000, loss: 0.011417, sup_loss: 0.011417, acc: 0.9677, in_window: 0.7209, off_window: 0.1316, asym: 0.0000, rest_pka: 0.0000, pathway_floor: 0.0000, c_snc_floor: 0.0000, gpe_floor: 0.0000, dead_area: 0.0000, dead_proj: 0.0000
step 12200, loss: 0.010861, sup_loss: 0.010861, acc: 0.9667, in_window: 0.7197, off_window: 0.1330, asym: 0.0000, rest_pka: 0.0000, pathway_floor: 0.0000, c_snc_floor: 0.0000, gpe_floor: 0.0000, dead_area: 0.0000, dead_proj: 0.0000
step 12400, loss: 0.008618, sup_loss: 0.008618, acc: 0.9752, in_window: 0.7242, off_window: 0.1290, asym: 0.0000, rest_pka: 0.0000, pathway_floor: 0.0000, c_snc_floor: 0.0000, gpe_floor: 0.0000, dead_area: 0.0000, dead_proj: 0.0000
step 12600, loss: 0.009699, sup_loss: 0.009699, acc: 0.9680, in_window: 0.7064, off_window: 0.1267, asym: 0.0000, rest_pka: 0.0000, pathway_floor: 0.0000, c_snc_floor: 0.0000, gpe_floor: 0.0000, dead_area: 0.0000, dead_proj: 0.0000
step 12800, loss: 0.009111, sup_loss: 0.009111, acc: 0.9709, in_window: 0.7076, off_window: 0.1241, asym: 0.0000, rest_pka: 0.0000, pathway_floor: 0.0000, c_snc_floor: 0.0000, gpe_floor: 0.0000, dead_area: 0.0000, dead_proj: 0.0000
step 13000, loss: 0.008422, sup_loss: 0.008422, acc: 0.9750, in_window: 0.7242, off_window: 0.1258, asym: 0.0000, rest_pka: 0.0000, pathway_floor: 0.0000, c_snc_floor: 0.0000, gpe_floor: 0.0000, dead_area: 0.0000, dead_proj: 0.0000
step 13200, loss: 0.009269, sup_loss: 0.009269, acc: 0.9743, in_window: 0.7266, off_window: 0.1298, asym: 0.0000, rest_pka: 0.0000, pathway_floor: 0.0000, c_snc_floor: 0.0000, gpe_floor: 0.0000, dead_area: 0.0000, dead_proj: 0.0000
step 13400, loss: 0.011862, sup_loss: 0.011862, acc: 0.9644, in_window: 0.7202, off_window: 0.1341, asym: 0.0000, rest_pka: 0.0000, pathway_floor: 0.0000, c_snc_floor: 0.0000, gpe_floor: 0.0000, dead_area: 0.0000, dead_proj: 0.0000
step 13600, loss: 0.009336, sup_loss: 0.009336, acc: 0.9727, in_window: 0.7212, off_window: 0.1274, asym: 0.0000, rest_pka: 0.0000, pathway_floor: 0.0000, c_snc_floor: 0.0000, gpe_floor: 0.0000, dead_area: 0.0000, dead_proj: 0.0000
step 13800, loss: 0.008536, sup_loss: 0.008536, acc: 0.9744, in_window: 0.7340, off_window: 0.1286, asym: 0.0000, rest_pka: 0.0000, pathway_floor: 0.0000, c_snc_floor: 0.0000, gpe_floor: 0.0000, dead_area: 0.0000, dead_proj: 0.0000
step 14000, loss: 0.009855, sup_loss: 0.009855, acc: 0.9718, in_window: 0.7297, off_window: 0.1325, asym: 0.0000, rest_pka: 0.0000, pathway_floor: 0.0000, c_snc_floor: 0.0000, gpe_floor: 0.0000, dead_area: 0.0000, dead_proj: 0.0000
step 14200, loss: 0.010877, sup_loss: 0.010877, acc: 0.9641, in_window: 0.7057, off_window: 0.1254, asym: 0.0000, rest_pka: 0.0000, pathway_floor: 0.0000, c_snc_floor: 0.0000, gpe_floor: 0.0000, dead_area: 0.0000, dead_proj: 0.0000
step 14400, loss: 0.007056, sup_loss: 0.007056, acc: 0.9800, in_window: 0.7304, off_window: 0.1241, asym: 0.0000, rest_pka: 0.0000, pathway_floor: 0.0000, c_snc_floor: 0.0000, gpe_floor: 0.0000, dead_area: 0.0000, dead_proj: 0.0000
step 14600, loss: 0.008582, sup_loss: 0.008582, acc: 0.9757, in_window: 0.7400, off_window: 0.1320, asym: 0.0000, rest_pka: 0.0000, pathway_floor: 0.0000, c_snc_floor: 0.0000, gpe_floor: 0.0000, dead_area: 0.0000, dead_proj: 0.0000
step 14800, loss: 0.008812, sup_loss: 0.008812, acc: 0.9727, in_window: 0.7154, off_window: 0.1213, asym: 0.0000, rest_pka: 0.0000, pathway_floor: 0.0000, c_snc_floor: 0.0000, gpe_floor: 0.0000, dead_area: 0.0000, dead_proj: 0.0000
step 15000, loss: 0.015440, sup_loss: 0.015440, acc: 0.9510, in_window: 0.7111, off_window: 0.1334, asym: 0.0000, rest_pka: 0.0000, pathway_floor: 0.0000, c_snc_floor: 0.0000, gpe_floor: 0.0000, dead_area: 0.0000, dead_proj: 0.0000
step 15200, loss: 0.007496, sup_loss: 0.007496, acc: 0.9781, in_window: 0.7268, off_window: 0.1235, asym: 0.0000, rest_pka: 0.0000, pathway_floor: 0.0000, c_snc_floor: 0.0000, gpe_floor: 0.0000, dead_area: 0.0000, dead_proj: 0.0000
step 15400, loss: 0.007653, sup_loss: 0.007653, acc: 0.9787, in_window: 0.7278, off_window: 0.1270, asym: 0.0000, rest_pka: 0.0000, pathway_floor: 0.0000, c_snc_floor: 0.0000, gpe_floor: 0.0000, dead_area: 0.0000, dead_proj: 0.0000
step 15600, loss: 0.007661, sup_loss: 0.007661, acc: 0.9768, in_window: 0.7299, off_window: 0.1248, asym: 0.0000, rest_pka: 0.0000, pathway_floor: 0.0000, c_snc_floor: 0.0000, gpe_floor: 0.0000, dead_area: 0.0000, dead_proj: 0.0000
step 15800, loss: 0.007802, sup_loss: 0.007802, acc: 0.9777, in_window: 0.7336, off_window: 0.1265, asym: 0.0000, rest_pka: 0.0000, pathway_floor: 0.0000, c_snc_floor: 0.0000, gpe_floor: 0.0000, dead_area: 0.0000, dead_proj: 0.0000
step 16000, loss: 0.009991, sup_loss: 0.009991, acc: 0.9672, in_window: 0.7164, off_window: 0.1253, asym: 0.0000, rest_pka: 0.0000, pathway_floor: 0.0000, c_snc_floor: 0.0000, gpe_floor: 0.0000, dead_area: 0.0000, dead_proj: 0.0000
step 16200, loss: 0.007122, sup_loss: 0.007122, acc: 0.9799, in_window: 0.7297, off_window: 0.1235, asym: 0.0000, rest_pka: 0.0000, pathway_floor: 0.0000, c_snc_floor: 0.0000, gpe_floor: 0.0000, dead_area: 0.0000, dead_proj: 0.0000
step 16400, loss: 0.007755, sup_loss: 0.007755, acc: 0.9765, in_window: 0.7251, off_window: 0.1218, asym: 0.0000, rest_pka: 0.0000, pathway_floor: 0.0000, c_snc_floor: 0.0000, gpe_floor: 0.0000, dead_area: 0.0000, dead_proj: 0.0000
step 16600, loss: 0.007655, sup_loss: 0.007655, acc: 0.9780, in_window: 0.7290, off_window: 0.1242, asym: 0.0000, rest_pka: 0.0000, pathway_floor: 0.0000, c_snc_floor: 0.0000, gpe_floor: 0.0000, dead_area: 0.0000, dead_proj: 0.0000
step 16800, loss: 0.007051, sup_loss: 0.007051, acc: 0.9790, in_window: 0.7267, off_window: 0.1215, asym: 0.0000, rest_pka: 0.0000, pathway_floor: 0.0000, c_snc_floor: 0.0000, gpe_floor: 0.0000, dead_area: 0.0000, dead_proj: 0.0000
step 17000, loss: 0.006869, sup_loss: 0.006869, acc: 0.9802, in_window: 0.7241, off_window: 0.1202, asym: 0.0000, rest_pka: 0.0000, pathway_floor: 0.0000, c_snc_floor: 0.0000, gpe_floor: 0.0000, dead_area: 0.0000, dead_proj: 0.0000
step 17200, loss: 0.006825, sup_loss: 0.006825, acc: 0.9793, in_window: 0.7290, off_window: 0.1217, asym: 0.0000, rest_pka: 0.0000, pathway_floor: 0.0000, c_snc_floor: 0.0000, gpe_floor: 0.0000, dead_area: 0.0000, dead_proj: 0.0000
step 17400, loss: 0.007832, sup_loss: 0.007832, acc: 0.9754, in_window: 0.7299, off_window: 0.1244, asym: 0.0000, rest_pka: 0.0000, pathway_floor: 0.0000, c_snc_floor: 0.0000, gpe_floor: 0.0000, dead_area: 0.0000, dead_proj: 0.0000
step 17600, loss: 0.006441, sup_loss: 0.006441, acc: 0.9811, in_window: 0.7301, off_window: 0.1192, asym: 0.0000, rest_pka: 0.0000, pathway_floor: 0.0000, c_snc_floor: 0.0000, gpe_floor: 0.0000, dead_area: 0.0000, dead_proj: 0.0000
step 17800, loss: 0.006914, sup_loss: 0.006914, acc: 0.9780, in_window: 0.7313, off_window: 0.1218, asym: 0.0000, rest_pka: 0.0000, pathway_floor: 0.0000, c_snc_floor: 0.0000, gpe_floor: 0.0000, dead_area: 0.0000, dead_proj: 0.0000
step 18000, loss: 0.007296, sup_loss: 0.007296, acc: 0.9783, in_window: 0.7346, off_window: 0.1251, asym: 0.0000, rest_pka: 0.0000, pathway_floor: 0.0000, c_snc_floor: 0.0000, gpe_floor: 0.0000, dead_area: 0.0000, dead_proj: 0.0000
step 18200, loss: 0.006954, sup_loss: 0.006954, acc: 0.9799, in_window: 0.7353, off_window: 0.1241, asym: 0.0000, rest_pka: 0.0000, pathway_floor: 0.0000, c_snc_floor: 0.0000, gpe_floor: 0.0000, dead_area: 0.0000, dead_proj: 0.0000
step 18400, loss: 0.006125, sup_loss: 0.006125, acc: 0.9820, in_window: 0.7326, off_window: 0.1204, asym: 0.0000, rest_pka: 0.0000, pathway_floor: 0.0000, c_snc_floor: 0.0000, gpe_floor: 0.0000, dead_area: 0.0000, dead_proj: 0.0000
step 18600, loss: 0.008939, sup_loss: 0.008939, acc: 0.9727, in_window: 0.7150, off_window: 0.1183, asym: 0.0000, rest_pka: 0.0000, pathway_floor: 0.0000, c_snc_floor: 0.0000, gpe_floor: 0.0000, dead_area: 0.0000, dead_proj: 0.0000
step 18800, loss: 0.006511, sup_loss: 0.006511, acc: 0.9820, in_window: 0.7345, off_window: 0.1241, asym: 0.0000, rest_pka: 0.0000, pathway_floor: 0.0000, c_snc_floor: 0.0000, gpe_floor: 0.0000, dead_area: 0.0000, dead_proj: 0.0000
step 19000, loss: 0.006341, sup_loss: 0.006341, acc: 0.9815, in_window: 0.7339, off_window: 0.1206, asym: 0.0000, rest_pka: 0.0000, pathway_floor: 0.0000, c_snc_floor: 0.0000, gpe_floor: 0.0000, dead_area: 0.0000, dead_proj: 0.0000
step 19200, loss: 0.005871, sup_loss: 0.005871, acc: 0.9845, in_window: 0.7374, off_window: 0.1207, asym: 0.0000, rest_pka: 0.0000, pathway_floor: 0.0000, c_snc_floor: 0.0000, gpe_floor: 0.0000, dead_area: 0.0000, dead_proj: 0.0000
step 19400, loss: 0.007039, sup_loss: 0.007039, acc: 0.9796, in_window: 0.7285, off_window: 0.1197, asym: 0.0000, rest_pka: 0.0000, pathway_floor: 0.0000, c_snc_floor: 0.0000, gpe_floor: 0.0000, dead_area: 0.0000, dead_proj: 0.0000
step 19600, loss: 0.006589, sup_loss: 0.006589, acc: 0.9804, in_window: 0.7293, off_window: 0.1217, asym: 0.0000, rest_pka: 0.0000, pathway_floor: 0.0000, c_snc_floor: 0.0000, gpe_floor: 0.0000, dead_area: 0.0000, dead_proj: 0.0000
step 19800, loss: 0.006446, sup_loss: 0.006446, acc: 0.9803, in_window: 0.7297, off_window: 0.1191, asym: 0.0000, rest_pka: 0.0000, pathway_floor: 0.0000, c_snc_floor: 0.0000, gpe_floor: 0.0000, dead_area: 0.0000, dead_proj: 0.0000
step 20000, loss: 0.006378, sup_loss: 0.006378, acc: 0.9805, in_window: 0.7268, off_window: 0.1176, asym: 0.0000, rest_pka: 0.0000, pathway_floor: 0.0000, c_snc_floor: 0.0000, gpe_floor: 0.0000, dead_area: 0.0000, dead_proj: 0.0000
step 20200, loss: 0.006093, sup_loss: 0.006093, acc: 0.9838, in_window: 0.7360, off_window: 0.1218, asym: 0.0000, rest_pka: 0.0000, pathway_floor: 0.0000, c_snc_floor: 0.0000, gpe_floor: 0.0000, dead_area: 0.0000, dead_proj: 0.0000
step 20400, loss: 0.006326, sup_loss: 0.006326, acc: 0.9809, in_window: 0.7285, off_window: 0.1184, asym: 0.0000, rest_pka: 0.0000, pathway_floor: 0.0000, c_snc_floor: 0.0000, gpe_floor: 0.0000, dead_area: 0.0000, dead_proj: 0.0000
step 20600, loss: 0.005900, sup_loss: 0.005900, acc: 0.9828, in_window: 0.7360, off_window: 0.1205, asym: 0.0000, rest_pka: 0.0000, pathway_floor: 0.0000, c_snc_floor: 0.0000, gpe_floor: 0.0000, dead_area: 0.0000, dead_proj: 0.0000
step 20800, loss: 0.006470, sup_loss: 0.006470, acc: 0.9793, in_window: 0.7315, off_window: 0.1192, asym: 0.0000, rest_pka: 0.0000, pathway_floor: 0.0000, c_snc_floor: 0.0000, gpe_floor: 0.0000, dead_area: 0.0000, dead_proj: 0.0000
step 21000, loss: 0.008686, sup_loss: 0.008686, acc: 0.9745, in_window: 0.7287, off_window: 0.1219, asym: 0.0000, rest_pka: 0.0000, pathway_floor: 0.0000, c_snc_floor: 0.0000, gpe_floor: 0.0000, dead_area: 0.0000, dead_proj: 0.0000
step 21200, loss: 0.006365, sup_loss: 0.006365, acc: 0.9818, in_window: 0.7369, off_window: 0.1208, asym: 0.0000, rest_pka: 0.0000, pathway_floor: 0.0000, c_snc_floor: 0.0000, gpe_floor: 0.0000, dead_area: 0.0000, dead_proj: 0.0000
step 21400, loss: 0.006721, sup_loss: 0.006721, acc: 0.9793, in_window: 0.7272, off_window: 0.1189, asym: 0.0000, rest_pka: 0.0000, pathway_floor: 0.0000, c_snc_floor: 0.0000, gpe_floor: 0.0000, dead_area: 0.0000, dead_proj: 0.0000
step 21600, loss: 0.005641, sup_loss: 0.005641, acc: 0.9827, in_window: 0.7304, off_window: 0.1177, asym: 0.0000, rest_pka: 0.0000, pathway_floor: 0.0000, c_snc_floor: 0.0000, gpe_floor: 0.0000, dead_area: 0.0000, dead_proj: 0.0000
step 21800, loss: 0.006251, sup_loss: 0.006251, acc: 0.9814, in_window: 0.7361, off_window: 0.1208, asym: 0.0000, rest_pka: 0.0000, pathway_floor: 0.0000, c_snc_floor: 0.0000, gpe_floor: 0.0000, dead_area: 0.0000, dead_proj: 0.0000
step 22000, loss: 0.005650, sup_loss: 0.005650, acc: 0.9832, in_window: 0.7327, off_window: 0.1170, asym: 0.0000, rest_pka: 0.0000, pathway_floor: 0.0000, c_snc_floor: 0.0000, gpe_floor: 0.0000, dead_area: 0.0000, dead_proj: 0.0000
step 22200, loss: 0.006301, sup_loss: 0.006301, acc: 0.9814, in_window: 0.7302, off_window: 0.1196, asym: 0.0000, rest_pka: 0.0000, pathway_floor: 0.0000, c_snc_floor: 0.0000, gpe_floor: 0.0000, dead_area: 0.0000, dead_proj: 0.0000
step 22400, loss: 0.005796, sup_loss: 0.005796, acc: 0.9824, in_window: 0.7373, off_window: 0.1189, asym: 0.0000, rest_pka: 0.0000, pathway_floor: 0.0000, c_snc_floor: 0.0000, gpe_floor: 0.0000, dead_area: 0.0000, dead_proj: 0.0000
step 22600, loss: 0.005692, sup_loss: 0.005692, acc: 0.9833, in_window: 0.7324, off_window: 0.1183, asym: 0.0000, rest_pka: 0.0000, pathway_floor: 0.0000, c_snc_floor: 0.0000, gpe_floor: 0.0000, dead_area: 0.0000, dead_proj: 0.0000
step 22800, loss: 0.006171, sup_loss: 0.006171, acc: 0.9817, in_window: 0.7283, off_window: 0.1173, asym: 0.0000, rest_pka: 0.0000, pathway_floor: 0.0000, c_snc_floor: 0.0000, gpe_floor: 0.0000, dead_area: 0.0000, dead_proj: 0.0000
step 23000, loss: 0.005984, sup_loss: 0.005984, acc: 0.9819, in_window: 0.7381, off_window: 0.1209, asym: 0.0000, rest_pka: 0.0000, pathway_floor: 0.0000, c_snc_floor: 0.0000, gpe_floor: 0.0000, dead_area: 0.0000, dead_proj: 0.0000
step 23200, loss: 0.005578, sup_loss: 0.005578, acc: 0.9830, in_window: 0.7293, off_window: 0.1151, asym: 0.0000, rest_pka: 0.0000, pathway_floor: 0.0000, c_snc_floor: 0.0000, gpe_floor: 0.0000, dead_area: 0.0000, dead_proj: 0.0000
step 23400, loss: 0.006002, sup_loss: 0.006002, acc: 0.9813, in_window: 0.7325, off_window: 0.1183, asym: 0.0000, rest_pka: 0.0000, pathway_floor: 0.0000, c_snc_floor: 0.0000, gpe_floor: 0.0000, dead_area: 0.0000, dead_proj: 0.0000
step 23600, loss: 0.005701, sup_loss: 0.005701, acc: 0.9843, in_window: 0.7418, off_window: 0.1210, asym: 0.0000, rest_pka: 0.0000, pathway_floor: 0.0000, c_snc_floor: 0.0000, gpe_floor: 0.0000, dead_area: 0.0000, dead_proj: 0.0000
step 23800, loss: 0.006053, sup_loss: 0.006053, acc: 0.9815, in_window: 0.7278, off_window: 0.1160, asym: 0.0000, rest_pka: 0.0000, pathway_floor: 0.0000, c_snc_floor: 0.0000, gpe_floor: 0.0000, dead_area: 0.0000, dead_proj: 0.0000
step 24000, loss: 0.005710, sup_loss: 0.005710, acc: 0.9832, in_window: 0.7337, off_window: 0.1181, asym: 0.0000, rest_pka: 0.0000, pathway_floor: 0.0000, c_snc_floor: 0.0000, gpe_floor: 0.0000, dead_area: 0.0000, dead_proj: 0.0000
step 24200, loss: 0.005185, sup_loss: 0.005185, acc: 0.9852, in_window: 0.7345, off_window: 0.1163, asym: 0.0000, rest_pka: 0.0000, pathway_floor: 0.0000, c_snc_floor: 0.0000, gpe_floor: 0.0000, dead_area: 0.0000, dead_proj: 0.0000
step 24400, loss: 0.005543, sup_loss: 0.005543, acc: 0.9831, in_window: 0.7331, off_window: 0.1173, asym: 0.0000, rest_pka: 0.0000, pathway_floor: 0.0000, c_snc_floor: 0.0000, gpe_floor: 0.0000, dead_area: 0.0000, dead_proj: 0.0000
step 24600, loss: 0.005432, sup_loss: 0.005432, acc: 0.9849, in_window: 0.7367, off_window: 0.1188, asym: 0.0000, rest_pka: 0.0000, pathway_floor: 0.0000, c_snc_floor: 0.0000, gpe_floor: 0.0000, dead_area: 0.0000, dead_proj: 0.0000
step 24800, loss: 0.005763, sup_loss: 0.005763, acc: 0.9823, in_window: 0.7319, off_window: 0.1173, asym: 0.0000, rest_pka: 0.0000, pathway_floor: 0.0000, c_snc_floor: 0.0000, gpe_floor: 0.0000, dead_area: 0.0000, dead_proj: 0.0000
step 25000, loss: 0.006028, sup_loss: 0.006028, acc: 0.9815, in_window: 0.7310, off_window: 0.1177, asym: 0.0000, rest_pka: 0.0000, pathway_floor: 0.0000, c_snc_floor: 0.0000, gpe_floor: 0.0000, dead_area: 0.0000, dead_proj: 0.0000
step 25200, loss: 0.005810, sup_loss: 0.005810, acc: 0.9841, in_window: 0.7312, off_window: 0.1169, asym: 0.0000, rest_pka: 0.0000, pathway_floor: 0.0000, c_snc_floor: 0.0000, gpe_floor: 0.0000, dead_area: 0.0000, dead_proj: 0.0000
step 25400, loss: 0.007039, sup_loss: 0.007039, acc: 0.9792, in_window: 0.7369, off_window: 0.1240, asym: 0.0000, rest_pka: 0.0000, pathway_floor: 0.0000, c_snc_floor: 0.0000, gpe_floor: 0.0000, dead_area: 0.0000, dead_proj: 0.0000
step 25600, loss: 0.005597, sup_loss: 0.005597, acc: 0.9832, in_window: 0.7367, off_window: 0.1178, asym: 0.0000, rest_pka: 0.0000, pathway_floor: 0.0000, c_snc_floor: 0.0000, gpe_floor: 0.0000, dead_area: 0.0000, dead_proj: 0.0000
step 25800, loss: 0.006093, sup_loss: 0.006093, acc: 0.9808, in_window: 0.7295, off_window: 0.1164, asym: 0.0000, rest_pka: 0.0000, pathway_floor: 0.0000, c_snc_floor: 0.0000, gpe_floor: 0.0000, dead_area: 0.0000, dead_proj: 0.0000
step 26000, loss: 0.005259, sup_loss: 0.005259, acc: 0.9855, in_window: 0.7369, off_window: 0.1180, asym: 0.0000, rest_pka: 0.0000, pathway_floor: 0.0000, c_snc_floor: 0.0000, gpe_floor: 0.0000, dead_area: 0.0000, dead_proj: 0.0000
step 26200, loss: 0.005389, sup_loss: 0.005389, acc: 0.9851, in_window: 0.7349, off_window: 0.1175, asym: 0.0000, rest_pka: 0.0000, pathway_floor: 0.0000, c_snc_floor: 0.0000, gpe_floor: 0.0000, dead_area: 0.0000, dead_proj: 0.0000
step 26400, loss: 0.006988, sup_loss: 0.006988, acc: 0.9774, in_window: 0.7249, off_window: 0.1167, asym: 0.0000, rest_pka: 0.0000, pathway_floor: 0.0000, c_snc_floor: 0.0000, gpe_floor: 0.0000, dead_area: 0.0000, dead_proj: 0.0000
step 26600, loss: 0.005397, sup_loss: 0.005397, acc: 0.9844, in_window: 0.7335, off_window: 0.1162, asym: 0.0000, rest_pka: 0.0000, pathway_floor: 0.0000, c_snc_floor: 0.0000, gpe_floor: 0.0000, dead_area: 0.0000, dead_proj: 0.0000
step 26800, loss: 0.005611, sup_loss: 0.005611, acc: 0.9828, in_window: 0.7297, off_window: 0.1159, asym: 0.0000, rest_pka: 0.0000, pathway_floor: 0.0000, c_snc_floor: 0.0000, gpe_floor: 0.0000, dead_area: 0.0000, dead_proj: 0.0000
step 27000, loss: 0.005327, sup_loss: 0.005327, acc: 0.9847, in_window: 0.7289, off_window: 0.1148, asym: 0.0000, rest_pka: 0.0000, pathway_floor: 0.0000, c_snc_floor: 0.0000, gpe_floor: 0.0000, dead_area: 0.0000, dead_proj: 0.0000
step 27200, loss: 0.006048, sup_loss: 0.006048, acc: 0.9808, in_window: 0.7273, off_window: 0.1158, asym: 0.0000, rest_pka: 0.0000, pathway_floor: 0.0000, c_snc_floor: 0.0000, gpe_floor: 0.0000, dead_area: 0.0000, dead_proj: 0.0000
step 27400, loss: 0.005785, sup_loss: 0.005785, acc: 0.9813, in_window: 0.7345, off_window: 0.1185, asym: 0.0000, rest_pka: 0.0000, pathway_floor: 0.0000, c_snc_floor: 0.0000, gpe_floor: 0.0000, dead_area: 0.0000, dead_proj: 0.0000
step 27600, loss: 0.005796, sup_loss: 0.005796, acc: 0.9817, in_window: 0.7315, off_window: 0.1159, asym: 0.0000, rest_pka: 0.0000, pathway_floor: 0.0000, c_snc_floor: 0.0000, gpe_floor: 0.0000, dead_area: 0.0000, dead_proj: 0.0000
step 27800, loss: 0.005146, sup_loss: 0.005146, acc: 0.9847, in_window: 0.7394, off_window: 0.1175, asym: 0.0000, rest_pka: 0.0000, pathway_floor: 0.0000, c_snc_floor: 0.0000, gpe_floor: 0.0000, dead_area: 0.0000, dead_proj: 0.0000
step 28000, loss: 0.005436, sup_loss: 0.005436, acc: 0.9836, in_window: 0.7325, off_window: 0.1212, asym: 0.0000, rest_pka: 0.0000, pathway_floor: 0.0000, c_snc_floor: 0.0000, gpe_floor: 0.0000, dead_area: 0.0000, dead_proj: 0.0000
step 28200, loss: 0.004723, sup_loss: 0.004723, acc: 0.9876, in_window: 0.7377, off_window: 0.1158, asym: 0.0000, rest_pka: 0.0000, pathway_floor: 0.0000, c_snc_floor: 0.0000, gpe_floor: 0.0000, dead_area: 0.0000, dead_proj: 0.0000
step 28400, loss: 0.005112, sup_loss: 0.005112, acc: 0.9858, in_window: 0.7368, off_window: 0.1163, asym: 0.0000, rest_pka: 0.0000, pathway_floor: 0.0000, c_snc_floor: 0.0000, gpe_floor: 0.0000, dead_area: 0.0000, dead_proj: 0.0000
step 28600, loss: 0.005038, sup_loss: 0.005038, acc: 0.9856, in_window: 0.7347, off_window: 0.1152, asym: 0.0000, rest_pka: 0.0000, pathway_floor: 0.0000, c_snc_floor: 0.0000, gpe_floor: 0.0000, dead_area: 0.0000, dead_proj: 0.0000
step 28800, loss: 0.004705, sup_loss: 0.004705, acc: 0.9866, in_window: 0.7366, off_window: 0.1155, asym: 0.0000, rest_pka: 0.0000, pathway_floor: 0.0000, c_snc_floor: 0.0000, gpe_floor: 0.0000, dead_area: 0.0000, dead_proj: 0.0000
step 29000, loss: 0.005351, sup_loss: 0.005351, acc: 0.9823, in_window: 0.7310, off_window: 0.1147, asym: 0.0000, rest_pka: 0.0000, pathway_floor: 0.0000, c_snc_floor: 0.0000, gpe_floor: 0.0000, dead_area: 0.0000, dead_proj: 0.0000
step 29200, loss: 0.004962, sup_loss: 0.004962, acc: 0.9850, in_window: 0.7325, off_window: 0.1152, asym: 0.0000, rest_pka: 0.0000, pathway_floor: 0.0000, c_snc_floor: 0.0000, gpe_floor: 0.0000, dead_area: 0.0000, dead_proj: 0.0000
step 29400, loss: 0.004895, sup_loss: 0.004895, acc: 0.9849, in_window: 0.7334, off_window: 0.1148, asym: 0.0000, rest_pka: 0.0000, pathway_floor: 0.0000, c_snc_floor: 0.0000, gpe_floor: 0.0000, dead_area: 0.0000, dead_proj: 0.0000
step 29600, loss: 0.005042, sup_loss: 0.005042, acc: 0.9853, in_window: 0.7321, off_window: 0.1163, asym: 0.0000, rest_pka: 0.0000, pathway_floor: 0.0000, c_snc_floor: 0.0000, gpe_floor: 0.0000, dead_area: 0.0000, dead_proj: 0.0000
step 29800, loss: 0.004771, sup_loss: 0.004771, acc: 0.9866, in_window: 0.7347, off_window: 0.1158, asym: 0.0000, rest_pka: 0.0000, pathway_floor: 0.0000, c_snc_floor: 0.0000, gpe_floor: 0.0000, dead_area: 0.0000, dead_proj: 0.0000
step 30000, loss: 0.004659, sup_loss: 0.004659, acc: 0.9871, in_window: 0.7377, off_window: 0.1154, asym: 0.0000, rest_pka: 0.0000, pathway_floor: 0.0000, c_snc_floor: 0.0000, gpe_floor: 0.0000, dead_area: 0.0000, dead_proj: 0.0000
step 30200, loss: 0.005486, sup_loss: 0.005486, acc: 0.9846, in_window: 0.7361, off_window: 0.1180, asym: 0.0000, rest_pka: 0.0000, pathway_floor: 0.0000, c_snc_floor: 0.0000, gpe_floor: 0.0000, dead_area: 0.0000, dead_proj: 0.0000
step 30400, loss: 0.005650, sup_loss: 0.005650, acc: 0.9835, in_window: 0.7371, off_window: 0.1191, asym: 0.0000, rest_pka: 0.0000, pathway_floor: 0.0000, c_snc_floor: 0.0000, gpe_floor: 0.0000, dead_area: 0.0000, dead_proj: 0.0000
step 30600, loss: 0.004875, sup_loss: 0.004875, acc: 0.9864, in_window: 0.7377, off_window: 0.1167, asym: 0.0000, rest_pka: 0.0000, pathway_floor: 0.0000, c_snc_floor: 0.0000, gpe_floor: 0.0000, dead_area: 0.0000, dead_proj: 0.0000
step 30800, loss: 0.004887, sup_loss: 0.004887, acc: 0.9850, in_window: 0.7313, off_window: 0.1146, asym: 0.0000, rest_pka: 0.0000, pathway_floor: 0.0000, c_snc_floor: 0.0000, gpe_floor: 0.0000, dead_area: 0.0000, dead_proj: 0.0000
step 31000, loss: 0.006207, sup_loss: 0.006207, acc: 0.9812, in_window: 0.7310, off_window: 0.1158, asym: 0.0000, rest_pka: 0.0000, pathway_floor: 0.0000, c_snc_floor: 0.0000, gpe_floor: 0.0000, dead_area: 0.0000, dead_proj: 0.0000
step 31200, loss: 0.005328, sup_loss: 0.005328, acc: 0.9839, in_window: 0.7305, off_window: 0.1150, asym: 0.0000, rest_pka: 0.0000, pathway_floor: 0.0000, c_snc_floor: 0.0000, gpe_floor: 0.0000, dead_area: 0.0000, dead_proj: 0.0000
step 31400, loss: 0.005384, sup_loss: 0.005384, acc: 0.9827, in_window: 0.7324, off_window: 0.1144, asym: 0.0000, rest_pka: 0.0000, pathway_floor: 0.0000, c_snc_floor: 0.0000, gpe_floor: 0.0000, dead_area: 0.0000, dead_proj: 0.0000
step 31600, loss: 0.005037, sup_loss: 0.005037, acc: 0.9857, in_window: 0.7360, off_window: 0.1150, asym: 0.0000, rest_pka: 0.0000, pathway_floor: 0.0000, c_snc_floor: 0.0000, gpe_floor: 0.0000, dead_area: 0.0000, dead_proj: 0.0000
step 31800, loss: 0.005465, sup_loss: 0.005465, acc: 0.9837, in_window: 0.7328, off_window: 0.1148, asym: 0.0000, rest_pka: 0.0000, pathway_floor: 0.0000, c_snc_floor: 0.0000, gpe_floor: 0.0000, dead_area: 0.0000, dead_proj: 0.0000
step 32000, loss: 0.005403, sup_loss: 0.005403, acc: 0.9833, in_window: 0.7350, off_window: 0.1162, asym: 0.0000, rest_pka: 0.0000, pathway_floor: 0.0000, c_snc_floor: 0.0000, gpe_floor: 0.0000, dead_area: 0.0000, dead_proj: 0.0000
step 32200, loss: 0.005396, sup_loss: 0.005396, acc: 0.9833, in_window: 0.7352, off_window: 0.1161, asym: 0.0000, rest_pka: 0.0000, pathway_floor: 0.0000, c_snc_floor: 0.0000, gpe_floor: 0.0000, dead_area: 0.0000, dead_proj: 0.0000
step 32400, loss: 0.005157, sup_loss: 0.005157, acc: 0.9846, in_window: 0.7363, off_window: 0.1150, asym: 0.0000, rest_pka: 0.0000, pathway_floor: 0.0000, c_snc_floor: 0.0000, gpe_floor: 0.0000, dead_area: 0.0000, dead_proj: 0.0000
step 32600, loss: 0.004840, sup_loss: 0.004840, acc: 0.9854, in_window: 0.7388, off_window: 0.1159, asym: 0.0000, rest_pka: 0.0000, pathway_floor: 0.0000, c_snc_floor: 0.0000, gpe_floor: 0.0000, dead_area: 0.0000, dead_proj: 0.0000
step 32800, loss: 0.005540, sup_loss: 0.005540, acc: 0.9854, in_window: 0.7554, off_window: 0.1255, asym: 0.0000, rest_pka: 0.0000, pathway_floor: 0.0000, c_snc_floor: 0.0000, gpe_floor: 0.0000, dead_area: 0.0000, dead_proj: 0.0000
step 33000, loss: 0.004917, sup_loss: 0.004917, acc: 0.9857, in_window: 0.7378, off_window: 0.1153, asym: 0.0000, rest_pka: 0.0000, pathway_floor: 0.0000, c_snc_floor: 0.0000, gpe_floor: 0.0000, dead_area: 0.0000, dead_proj: 0.0000
step 33200, loss: 0.005361, sup_loss: 0.005361, acc: 0.9833, in_window: 0.7322, off_window: 0.1147, asym: 0.0000, rest_pka: 0.0000, pathway_floor: 0.0000, c_snc_floor: 0.0000, gpe_floor: 0.0000, dead_area: 0.0000, dead_proj: 0.0000
step 33400, loss: 0.005999, sup_loss: 0.005999, acc: 0.9812, in_window: 0.7349, off_window: 0.1171, asym: 0.0000, rest_pka: 0.0000, pathway_floor: 0.0000, c_snc_floor: 0.0000, gpe_floor: 0.0000, dead_area: 0.0000, dead_proj: 0.0000
step 33600, loss: 0.004860, sup_loss: 0.004860, acc: 0.9855, in_window: 0.7367, off_window: 0.1154, asym: 0.0000, rest_pka: 0.0000, pathway_floor: 0.0000, c_snc_floor: 0.0000, gpe_floor: 0.0000, dead_area: 0.0000, dead_proj: 0.0000
step 33800, loss: 0.005139, sup_loss: 0.005139, acc: 0.9855, in_window: 0.7337, off_window: 0.1154, asym: 0.0000, rest_pka: 0.0000, pathway_floor: 0.0000, c_snc_floor: 0.0000, gpe_floor: 0.0000, dead_area: 0.0000, dead_proj: 0.0000
step 34000, loss: 0.004963, sup_loss: 0.004963, acc: 0.9860, in_window: 0.7346, off_window: 0.1136, asym: 0.0000, rest_pka: 0.0000, pathway_floor: 0.0000, c_snc_floor: 0.0000, gpe_floor: 0.0000, dead_area: 0.0000, dead_proj: 0.0000
step 34200, loss: 0.004842, sup_loss: 0.004842, acc: 0.9846, in_window: 0.7338, off_window: 0.1140, asym: 0.0000, rest_pka: 0.0000, pathway_floor: 0.0000, c_snc_floor: 0.0000, gpe_floor: 0.0000, dead_area: 0.0000, dead_proj: 0.0000
step 34400, loss: 0.004914, sup_loss: 0.004914, acc: 0.9852, in_window: 0.7329, off_window: 0.1142, asym: 0.0000, rest_pka: 0.0000, pathway_floor: 0.0000, c_snc_floor: 0.0000, gpe_floor: 0.0000, dead_area: 0.0000, dead_proj: 0.0000
step 34600, loss: 0.005136, sup_loss: 0.005136, acc: 0.9850, in_window: 0.7338, off_window: 0.1144, asym: 0.0000, rest_pka: 0.0000, pathway_floor: 0.0000, c_snc_floor: 0.0000, gpe_floor: 0.0000, dead_area: 0.0000, dead_proj: 0.0000
step 34800, loss: 0.004539, sup_loss: 0.004539, acc: 0.9876, in_window: 0.7365, off_window: 0.1155, asym: 0.0000, rest_pka: 0.0000, pathway_floor: 0.0000, c_snc_floor: 0.0000, gpe_floor: 0.0000, dead_area: 0.0000, dead_proj: 0.0000
step 35000, loss: 0.004769, sup_loss: 0.004769, acc: 0.9861, in_window: 0.7352, off_window: 0.1142, asym: 0.0000, rest_pka: 0.0000, pathway_floor: 0.0000, c_snc_floor: 0.0000, gpe_floor: 0.0000, dead_area: 0.0000, dead_proj: 0.0000
step 35200, loss: 0.005553, sup_loss: 0.005553, acc: 0.9828, in_window: 0.7320, off_window: 0.1153, asym: 0.0000, rest_pka: 0.0000, pathway_floor: 0.0000, c_snc_floor: 0.0000, gpe_floor: 0.0000, dead_area: 0.0000, dead_proj: 0.0000
step 35400, loss: 0.004534, sup_loss: 0.004534, acc: 0.9867, in_window: 0.7310, off_window: 0.1130, asym: 0.0000, rest_pka: 0.0000, pathway_floor: 0.0000, c_snc_floor: 0.0000, gpe_floor: 0.0000, dead_area: 0.0000, dead_proj: 0.0000
step 35600, loss: 0.101714, sup_loss: 0.101714, acc: 0.5488, in_window: 0.4110, off_window: 0.3720, asym: 0.0000, rest_pka: 0.0000, pathway_floor: 0.0000, c_snc_floor: 0.0000, gpe_floor: 0.0000, dead_area: 0.0000, dead_proj: 0.0000
step 35800, loss: 0.018913, sup_loss: 0.018913, acc: 0.9800, in_window: 0.7259, off_window: 0.2745, asym: 0.0000, rest_pka: 0.0000, pathway_floor: 0.0000, c_snc_floor: 0.0000, gpe_floor: 0.0000, dead_area: 0.0000, dead_proj: 0.0000
step 36000, loss: 0.005449, sup_loss: 0.005449, acc: 0.9827, in_window: 0.7374, off_window: 0.1314, asym: 0.0000, rest_pka: 0.0000, pathway_floor: 0.0000, c_snc_floor: 0.0000, gpe_floor: 0.0000, dead_area: 0.0000, dead_proj: 0.0000
step 36200, loss: 0.004651, sup_loss: 0.004651, acc: 0.9873, in_window: 0.7364, off_window: 0.1173, asym: 0.0000, rest_pka: 0.0000, pathway_floor: 0.0000, c_snc_floor: 0.0000, gpe_floor: 0.0000, dead_area: 0.0000, dead_proj: 0.0000
step 36400, loss: 0.004773, sup_loss: 0.004773, acc: 0.9862, in_window: 0.7344, off_window: 0.1144, asym: 0.0000, rest_pka: 0.0000, pathway_floor: 0.0000, c_snc_floor: 0.0000, gpe_floor: 0.0000, dead_area: 0.0000, dead_proj: 0.0000
step 36600, loss: 0.004154, sup_loss: 0.004154, acc: 0.9887, in_window: 0.7317, off_window: 0.1132, asym: 0.0000, rest_pka: 0.0000, pathway_floor: 0.0000, c_snc_floor: 0.0000, gpe_floor: 0.0000, dead_area: 0.0000, dead_proj: 0.0000
step 36800, loss: 0.004960, sup_loss: 0.004960, acc: 0.9847, in_window: 0.7321, off_window: 0.1140, asym: 0.0000, rest_pka: 0.0000, pathway_floor: 0.0000, c_snc_floor: 0.0000, gpe_floor: 0.0000, dead_area: 0.0000, dead_proj: 0.0000
step 37000, loss: 0.005467, sup_loss: 0.005467, acc: 0.9822, in_window: 0.7285, off_window: 0.1136, asym: 0.0000, rest_pka: 0.0000, pathway_floor: 0.0000, c_snc_floor: 0.0000, gpe_floor: 0.0000, dead_area: 0.0000, dead_proj: 0.0000
step 37200, loss: 0.005020, sup_loss: 0.005020, acc: 0.9849, in_window: 0.7330, off_window: 0.1139, asym: 0.0000, rest_pka: 0.0000, pathway_floor: 0.0000, c_snc_floor: 0.0000, gpe_floor: 0.0000, dead_area: 0.0000, dead_proj: 0.0000
step 37400, loss: 0.004588, sup_loss: 0.004588, acc: 0.9868, in_window: 0.7386, off_window: 0.1154, asym: 0.0000, rest_pka: 0.0000, pathway_floor: 0.0000, c_snc_floor: 0.0000, gpe_floor: 0.0000, dead_area: 0.0000, dead_proj: 0.0000
step 37600, loss: 0.004846, sup_loss: 0.004846, acc: 0.9848, in_window: 0.7335, off_window: 0.1145, asym: 0.0000, rest_pka: 0.0000, pathway_floor: 0.0000, c_snc_floor: 0.0000, gpe_floor: 0.0000, dead_area: 0.0000, dead_proj: 0.0000
step 37800, loss: 0.004454, sup_loss: 0.004454, acc: 0.9866, in_window: 0.7322, off_window: 0.1137, asym: 0.0000, rest_pka: 0.0000, pathway_floor: 0.0000, c_snc_floor: 0.0000, gpe_floor: 0.0000, dead_area: 0.0000, dead_proj: 0.0000
step 38000, loss: 0.004727, sup_loss: 0.004727, acc: 0.9864, in_window: 0.7420, off_window: 0.1162, asym: 0.0000, rest_pka: 0.0000, pathway_floor: 0.0000, c_snc_floor: 0.0000, gpe_floor: 0.0000, dead_area: 0.0000, dead_proj: 0.0000
step 38200, loss: 0.004468, sup_loss: 0.004468, acc: 0.9868, in_window: 0.7359, off_window: 0.1138, asym: 0.0000, rest_pka: 0.0000, pathway_floor: 0.0000, c_snc_floor: 0.0000, gpe_floor: 0.0000, dead_area: 0.0000, dead_proj: 0.0000
step 38400, loss: 0.005084, sup_loss: 0.005084, acc: 0.9833, in_window: 0.7318, off_window: 0.1141, asym: 0.0000, rest_pka: 0.0000, pathway_floor: 0.0000, c_snc_floor: 0.0000, gpe_floor: 0.0000, dead_area: 0.0000, dead_proj: 0.0000
step 38600, loss: 0.005076, sup_loss: 0.005076, acc: 0.9849, in_window: 0.7368, off_window: 0.1151, asym: 0.0000, rest_pka: 0.0000, pathway_floor: 0.0000, c_snc_floor: 0.0000, gpe_floor: 0.0000, dead_area: 0.0000, dead_proj: 0.0000
step 38800, loss: 0.004453, sup_loss: 0.004453, acc: 0.9880, in_window: 0.7402, off_window: 0.1149, asym: 0.0000, rest_pka: 0.0000, pathway_floor: 0.0000, c_snc_floor: 0.0000, gpe_floor: 0.0000, dead_area: 0.0000, dead_proj: 0.0000
step 39000, loss: 0.005056, sup_loss: 0.005056, acc: 0.9844, in_window: 0.7352, off_window: 0.1142, asym: 0.0000, rest_pka: 0.0000, pathway_floor: 0.0000, c_snc_floor: 0.0000, gpe_floor: 0.0000, dead_area: 0.0000, dead_proj: 0.0000
step 39200, loss: 0.004400, sup_loss: 0.004400, acc: 0.9879, in_window: 0.7331, off_window: 0.1148, asym: 0.0000, rest_pka: 0.0000, pathway_floor: 0.0000, c_snc_floor: 0.0000, gpe_floor: 0.0000, dead_area: 0.0000, dead_proj: 0.0000
step 39400, loss: 0.004939, sup_loss: 0.004939, acc: 0.9852, in_window: 0.7391, off_window: 0.1154, asym: 0.0000, rest_pka: 0.0000, pathway_floor: 0.0000, c_snc_floor: 0.0000, gpe_floor: 0.0000, dead_area: 0.0000, dead_proj: 0.0000
step 39600, loss: 0.004691, sup_loss: 0.004691, acc: 0.9855, in_window: 0.7379, off_window: 0.1148, asym: 0.0000, rest_pka: 0.0000, pathway_floor: 0.0000, c_snc_floor: 0.0000, gpe_floor: 0.0000, dead_area: 0.0000, dead_proj: 0.0000
step 39800, loss: 0.005280, sup_loss: 0.005280, acc: 0.9818, in_window: 0.7291, off_window: 0.1135, asym: 0.0000, rest_pka: 0.0000, pathway_floor: 0.0000, c_snc_floor: 0.0000, gpe_floor: 0.0000, dead_area: 0.0000, dead_proj: 0.0000
step 40000, loss: 0.004915, sup_loss: 0.004915, acc: 0.9864, in_window: 0.7353, off_window: 0.1142, asym: 0.0000, rest_pka: 0.0000, pathway_floor: 0.0000, c_snc_floor: 0.0000, gpe_floor: 0.0000, dead_area: 0.0000, dead_proj: 0.0000
[run] seed=42 DONE sep=0.6129 mse=0.006201 offset=294.85714285714283 -> runs/nln_lo10_seed042_40k
